Archive member included to satisfy reference by file (symbol)

c:/st/stm32cubeide_1.4.0/stm32cubeide/plugins/com.st.stm32cube.ide.mcu.externaltools.gnu-tools-for-stm32.7-2018-q2-update.win32_1.5.0.202011040924/tools/bin/../lib/gcc/arm-none-eabi/7.3.1/../../../../arm-none-eabi/lib/thumb/v7e-m/fpv4-sp/hard\libc_nano.a(lib_a-errno.o)
                              Core/Src/syscalls.o (__errno)
c:/st/stm32cubeide_1.4.0/stm32cubeide/plugins/com.st.stm32cube.ide.mcu.externaltools.gnu-tools-for-stm32.7-2018-q2-update.win32_1.5.0.202011040924/tools/bin/../lib/gcc/arm-none-eabi/7.3.1/../../../../arm-none-eabi/lib/thumb/v7e-m/fpv4-sp/hard\libc_nano.a(lib_a-exit.o)
                              c:/st/stm32cubeide_1.4.0/stm32cubeide/plugins/com.st.stm32cube.ide.mcu.externaltools.gnu-tools-for-stm32.7-2018-q2-update.win32_1.5.0.202011040924/tools/bin/../lib/gcc/arm-none-eabi/7.3.1/../../../../arm-none-eabi/lib/thumb/v7e-m/fpv4-sp/hard/crt0.o (exit)
c:/st/stm32cubeide_1.4.0/stm32cubeide/plugins/com.st.stm32cube.ide.mcu.externaltools.gnu-tools-for-stm32.7-2018-q2-update.win32_1.5.0.202011040924/tools/bin/../lib/gcc/arm-none-eabi/7.3.1/../../../../arm-none-eabi/lib/thumb/v7e-m/fpv4-sp/hard\libc_nano.a(lib_a-impure.o)
                              c:/st/stm32cubeide_1.4.0/stm32cubeide/plugins/com.st.stm32cube.ide.mcu.externaltools.gnu-tools-for-stm32.7-2018-q2-update.win32_1.5.0.202011040924/tools/bin/../lib/gcc/arm-none-eabi/7.3.1/../../../../arm-none-eabi/lib/thumb/v7e-m/fpv4-sp/hard\libc_nano.a(lib_a-exit.o) (_global_impure_ptr)
c:/st/stm32cubeide_1.4.0/stm32cubeide/plugins/com.st.stm32cube.ide.mcu.externaltools.gnu-tools-for-stm32.7-2018-q2-update.win32_1.5.0.202011040924/tools/bin/../lib/gcc/arm-none-eabi/7.3.1/../../../../arm-none-eabi/lib/thumb/v7e-m/fpv4-sp/hard\libc_nano.a(lib_a-init.o)
                              c:/st/stm32cubeide_1.4.0/stm32cubeide/plugins/com.st.stm32cube.ide.mcu.externaltools.gnu-tools-for-stm32.7-2018-q2-update.win32_1.5.0.202011040924/tools/bin/../lib/gcc/arm-none-eabi/7.3.1/../../../../arm-none-eabi/lib/thumb/v7e-m/fpv4-sp/hard/crt0.o (__libc_init_array)
c:/st/stm32cubeide_1.4.0/stm32cubeide/plugins/com.st.stm32cube.ide.mcu.externaltools.gnu-tools-for-stm32.7-2018-q2-update.win32_1.5.0.202011040924/tools/bin/../lib/gcc/arm-none-eabi/7.3.1/../../../../arm-none-eabi/lib/thumb/v7e-m/fpv4-sp/hard\libc_nano.a(lib_a-memset.o)
                              c:/st/stm32cubeide_1.4.0/stm32cubeide/plugins/com.st.stm32cube.ide.mcu.externaltools.gnu-tools-for-stm32.7-2018-q2-update.win32_1.5.0.202011040924/tools/bin/../lib/gcc/arm-none-eabi/7.3.1/../../../../arm-none-eabi/lib/thumb/v7e-m/fpv4-sp/hard/crt0.o (memset)

Allocating common symbols
Common symbol       size              file

hUsbDeviceFS        0x2d0             USB_Device/App/usb_device.o
htim17              0x4c              Core/Src/tim.o
uwTick              0x4               Drivers/STM32WBxx_HAL_Driver/Src/stm32wbxx_hal.o
UserRxBufferFS      0x800             USB_Device/App/usbd_cdc_if.o
hadc1               0x64              Core/Src/adc.o
UserTxBufferFS      0x800             USB_Device/App/usbd_cdc_if.o
hdma_adc1           0x60              Core/Src/adc.o
htim2               0x4c              Core/Src/tim.o
hpcd_USB_FS         0x274             USB_Device/Target/usbd_conf.o
USBD_StrDesc        0x200             USB_Device/App/usbd_desc.o

Discarded input sections

 .text          0x0000000000000000        0x0 c:/st/stm32cubeide_1.4.0/stm32cubeide/plugins/com.st.stm32cube.ide.mcu.externaltools.gnu-tools-for-stm32.7-2018-q2-update.win32_1.5.0.202011040924/tools/bin/../lib/gcc/arm-none-eabi/7.3.1/thumb/v7e-m/fpv4-sp/hard/crti.o
 .data          0x0000000000000000        0x0 c:/st/stm32cubeide_1.4.0/stm32cubeide/plugins/com.st.stm32cube.ide.mcu.externaltools.gnu-tools-for-stm32.7-2018-q2-update.win32_1.5.0.202011040924/tools/bin/../lib/gcc/arm-none-eabi/7.3.1/thumb/v7e-m/fpv4-sp/hard/crti.o
 .bss           0x0000000000000000        0x0 c:/st/stm32cubeide_1.4.0/stm32cubeide/plugins/com.st.stm32cube.ide.mcu.externaltools.gnu-tools-for-stm32.7-2018-q2-update.win32_1.5.0.202011040924/tools/bin/../lib/gcc/arm-none-eabi/7.3.1/thumb/v7e-m/fpv4-sp/hard/crti.o
 .data          0x0000000000000000        0x4 c:/st/stm32cubeide_1.4.0/stm32cubeide/plugins/com.st.stm32cube.ide.mcu.externaltools.gnu-tools-for-stm32.7-2018-q2-update.win32_1.5.0.202011040924/tools/bin/../lib/gcc/arm-none-eabi/7.3.1/thumb/v7e-m/fpv4-sp/hard/crtbegin.o
 .text          0x0000000000000000       0x74 c:/st/stm32cubeide_1.4.0/stm32cubeide/plugins/com.st.stm32cube.ide.mcu.externaltools.gnu-tools-for-stm32.7-2018-q2-update.win32_1.5.0.202011040924/tools/bin/../lib/gcc/arm-none-eabi/7.3.1/../../../../arm-none-eabi/lib/thumb/v7e-m/fpv4-sp/hard/crt0.o
[...]
Memory Configuration

Name             Origin             Length             Attributes
FLASH            0x0000000008000000 0x0000000000080000 xr
RAM1             0x0000000020000004 0x000000000002fffc xrw
RAM_SHARED       0x0000000020030000 0x0000000000002800 xrw
*default*        0x0000000000000000 0xffffffffffffffff

Linker script and memory map

LOAD c:/st/stm32cubeide_1.4.0/stm32cubeide/plugins/com.st.stm32cube.ide.mcu.externaltools.gnu-tools-for-stm32.7-2018-q2-update.win32_1.5.0.202011040924/tools/bin/../lib/gcc/arm-none-eabi/7.3.1/thumb/v7e-m/fpv4-sp/hard/crti.o
LOAD c:/st/stm32cubeide_1.4.0/stm32cubeide/plugins/com.st.stm32cube.ide.mcu.externaltools.gnu-tools-for-stm32.7-2018-q2-update.win32_1.5.0.202011040924/tools/bin/../lib/gcc/arm-none-eabi/7.3.1/thumb/v7e-m/fpv4-sp/hard/crtbegin.o
LOAD c:/st/stm32cubeide_1.4.0/stm32cubeide/plugins/com.st.stm32cube.ide.mcu.externaltools.gnu-tools-for-stm32.7-2018-q2-update.win32_1.5.0.202011040924/tools/bin/../lib/gcc/arm-none-eabi/7.3.1/../../../../arm-none-eabi/lib/thumb/v7e-m/fpv4-sp/hard/crt0.o
LOAD Core/Src/Stepper.o
LOAD Core/Src/adc.o
LOAD Core/Src/dma.o
LOAD Core/Src/gpio.o
LOAD Core/Src/main.o
LOAD Core/Src/myMain.o
LOAD Core/Src/stm32wbxx_hal_msp.o
LOAD Core/Src/stm32wbxx_it.o
LOAD Core/Src/syscalls.o
LOAD Core/Src/sysmem.o
LOAD Core/Src/system_stm32wbxx.o
LOAD Core/Src/tim.o
LOAD Core/Startup/startup_stm32wb55rgvx.o
LOAD Drivers/STM32WBxx_HAL_Driver/Src/stm32wbxx_hal.o
LOAD Drivers/STM32WBxx_HAL_Driver/Src/stm32wbxx_hal_adc.o
LOAD Drivers/STM32WBxx_HAL_Driver/Src/stm32wbxx_hal_adc_ex.o
LOAD Drivers/STM32WBxx_HAL_Driver/Src/stm32wbxx_hal_cortex.o
LOAD Drivers/STM32WBxx_HAL_Driver/Src/stm32wbxx_hal_dma.o
LOAD Drivers/STM32WBxx_HAL_Driver/Src/stm32wbxx_hal_dma_ex.o
LOAD Drivers/STM32WBxx_HAL_Driver/Src/stm32wbxx_hal_exti.o
LOAD Drivers/STM32WBxx_HAL_Driver/Src/stm32wbxx_hal_flash.o
LOAD Drivers/STM32WBxx_HAL_Driver/Src/stm32wbxx_hal_flash_ex.o
LOAD Drivers/STM32WBxx_HAL_Driver/Src/stm32wbxx_hal_gpio.o
LOAD Drivers/STM32WBxx_HAL_Driver/Src/stm32wbxx_hal_hsem.o
LOAD Drivers/STM32WBxx_HAL_Driver/Src/stm32wbxx_hal_pcd.o
LOAD Drivers/STM32WBxx_HAL_Driver/Src/stm32wbxx_hal_pcd_ex.o
LOAD Drivers/STM32WBxx_HAL_Driver/Src/stm32wbxx_hal_pwr.o
LOAD Drivers/STM32WBxx_HAL_Driver/Src/stm32wbxx_hal_pwr_ex.o
LOAD Drivers/STM32WBxx_HAL_Driver/Src/stm32wbxx_hal_rcc.o
LOAD Drivers/STM32WBxx_HAL_Driver/Src/stm32wbxx_hal_rcc_ex.o
LOAD Drivers/STM32WBxx_HAL_Driver/Src/stm32wbxx_hal_tim.o
LOAD Drivers/STM32WBxx_HAL_Driver/Src/stm32wbxx_hal_tim_ex.o
LOAD Drivers/STM32WBxx_HAL_Driver/Src/stm32wbxx_ll_adc.o
LOAD Drivers/STM32WBxx_HAL_Driver/Src/stm32wbxx_ll_usb.o
LOAD Middlewares/ST/STM32_USB_Device_Library/Class/CDC/Src/usbd_cdc.o
LOAD Middlewares/ST/STM32_USB_Device_Library/Core/Src/usbd_core.o
LOAD Middlewares/ST/STM32_USB_Device_Library/Core/Src/usbd_ctlreq.o
LOAD Middlewares/ST/STM32_USB_Device_Library/Core/Src/usbd_ioreq.o
LOAD USB_Device/App/usb_device.o
LOAD USB_Device/App/usbd_cdc_if.o
LOAD USB_Device/App/usbd_desc.o
LOAD USB_Device/Target/usbd_conf.o
START GROUP
LOAD c:/st/stm32cubeide_1.4.0/stm32cubeide/plugins/com.st.stm32cube.ide.mcu.externaltools.gnu-tools-for-stm32.7-2018-q2-update.win32_1.5.0.202011040924/tools/bin/../lib/gcc/arm-none-eabi/7.3.1/../../../../arm-none-eabi/lib/thumb/v7e-m/fpv4-sp/hard\libstdc++_nano.a
LOAD c:/st/stm32cubeide_1.4.0/stm32cubeide/plugins/com.st.stm32cube.ide.mcu.externaltools.gnu-tools-for-stm32.7-2018-q2-update.win32_1.5.0.202011040924/tools/bin/../lib/gcc/arm-none-eabi/7.3.1/../../../../arm-none-eabi/lib/thumb/v7e-m/fpv4-sp/hard\libsupc++_nano.a
END GROUP
LOAD c:/st/stm32cubeide_1.4.0/stm32cubeide/plugins/com.st.stm32cube.ide.mcu.externaltools.gnu-tools-for-stm32.7-2018-q2-update.win32_1.5.0.202011040924/tools/bin/../lib/gcc/arm-none-eabi/7.3.1/../../../../arm-none-eabi/lib/thumb/v7e-m/fpv4-sp/hard\libstdc++_nano.a
LOAD c:/st/stm32cubeide_1.4.0/stm32cubeide/plugins/com.st.stm32cube.ide.mcu.externaltools.gnu-tools-for-stm32.7-2018-q2-update.win32_1.5.0.202011040924/tools/bin/../lib/gcc/arm-none-eabi/7.3.1/../../../../arm-none-eabi/lib/thumb/v7e-m/fpv4-sp/hard\libm.a
LOAD c:/st/stm32cubeide_1.4.0/stm32cubeide/plugins/com.st.stm32cube.ide.mcu.externaltools.gnu-tools-for-stm32.7-2018-q2-update.win32_1.5.0.202011040924/tools/bin/../lib/gcc/arm-none-eabi/7.3.1/../../../../arm-none-eabi/lib/thumb/v7e-m/fpv4-sp/hard\libc_nano.a
START GROUP
LOAD c:/st/stm32cubeide_1.4.0/stm32cubeide/plugins/com.st.stm32cube.ide.mcu.externaltools.gnu-tools-for-stm32.7-2018-q2-update.win32_1.5.0.202011040924/tools/bin/../lib/gcc/arm-none-eabi/7.3.1/thumb/v7e-m/fpv4-sp/hard\libgcc.a
LOAD c:/st/stm32cubeide_1.4.0/stm32cubeide/plugins/com.st.stm32cube.ide.mcu.externaltools.gnu-tools-for-stm32.7-2018-q2-update.win32_1.5.0.202011040924/tools/bin/../lib/gcc/arm-none-eabi/7.3.1/../../../../arm-none-eabi/lib/thumb/v7e-m/fpv4-sp/hard\libc_nano.a
END GROUP
START GROUP
LOAD c:/st/stm32cubeide_1.4.0/stm32cubeide/plugins/com.st.stm32cube.ide.mcu.externaltools.gnu-tools-for-stm32.7-2018-q2-update.win32_1.5.0.202011040924/tools/bin/../lib/gcc/arm-none-eabi/7.3.1/thumb/v7e-m/fpv4-sp/hard\libgcc.a
LOAD c:/st/stm32cubeide_1.4.0/stm32cubeide/plugins/com.st.stm32cube.ide.mcu.externaltools.gnu-tools-for-stm32.7-2018-q2-update.win32_1.5.0.202011040924/tools/bin/../lib/gcc/arm-none-eabi/7.3.1/../../../../arm-none-eabi/lib/thumb/v7e-m/fpv4-sp/hard\libc_nano.a
LOAD c:/st/stm32cubeide_1.4.0/stm32cubeide/plugins/com.st.stm32cube.ide.mcu.externaltools.gnu-tools-for-stm32.7-2018-q2-update.win32_1.5.0.202011040924/tools/bin/../lib/gcc/arm-none-eabi/7.3.1/../../../../arm-none-eabi/lib/thumb/v7e-m/fpv4-sp/hard\libnosys.a
END GROUP
START GROUP
LOAD c:/st/stm32cubeide_1.4.0/stm32cubeide/plugins/com.st.stm32cube.ide.mcu.externaltools.gnu-tools-for-stm32.7-2018-q2-update.win32_1.5.0.202011040924/tools/bin/../lib/gcc/arm-none-eabi/7.3.1/thumb/v7e-m/fpv4-sp/hard\libgcc.a
LOAD c:/st/stm32cubeide_1.4.0/stm32cubeide/plugins/com.st.stm32cube.ide.mcu.externaltools.gnu-tools-for-stm32.7-2018-q2-update.win32_1.5.0.202011040924/tools/bin/../lib/gcc/arm-none-eabi/7.3.1/../../../../arm-none-eabi/lib/thumb/v7e-m/fpv4-sp/hard\libc_nano.a
LOAD c:/st/stm32cubeide_1.4.0/stm32cubeide/plugins/com.st.stm32cube.ide.mcu.externaltools.gnu-tools-for-stm32.7-2018-q2-update.win32_1.5.0.202011040924/tools/bin/../lib/gcc/arm-none-eabi/7.3.1/../../../../arm-none-eabi/lib/thumb/v7e-m/fpv4-sp/hard\libnosys.a
END GROUP
LOAD c:/st/stm32cubeide_1.4.0/stm32cubeide/plugins/com.st.stm32cube.ide.mcu.externaltools.gnu-tools-for-stm32.7-2018-q2-update.win32_1.5.0.202011040924/tools/bin/../lib/gcc/arm-none-eabi/7.3.1/thumb/v7e-m/fpv4-sp/hard/crtend.o
LOAD c:/st/stm32cubeide_1.4.0/stm32cubeide/plugins/com.st.stm32cube.ide.mcu.externaltools.gnu-tools-for-stm32.7-2018-q2-update.win32_1.5.0.202011040924/tools/bin/../lib/gcc/arm-none-eabi/7.3.1/thumb/v7e-m/fpv4-sp/hard/crtn.o
                0x0000000020030000                _estack = 0x20030000
                0x0000000000000200                _Min_Heap_Size = 0x200
                0x0000000000000400                _Min_Stack_Size = 0x400

.isr_vector     0x0000000008000000      0x13c
                0x0000000008000000                . = ALIGN (0x4)
 *(.isr_vector)
 .isr_vector    0x0000000008000000      0x13c Core/Startup/startup_stm32wb55rgvx.o
                0x0000000008000000                g_pfnVectors
                0x000000000800013c                . = ALIGN (0x4)

.text           0x000000000800013c     0x9f84
                0x000000000800013c                . = ALIGN (0x4)
 *(.text)
 .text          0x000000000800013c       0x40 c:/st/stm32cubeide_1.4.0/stm32cubeide/plugins/com.st.stm32cube.ide.mcu.externaltools.gnu-tools-for-stm32.7-2018-q2-update.win32_1.5.0.202011040924/tools/bin/../lib/gcc/arm-none-eabi/7.3.1/thumb/v7e-m/fpv4-sp/hard/crtbegin.o
 *(.text*)
 .text._ZN7StepperC2ElP12GPIO_TypeDeftS1_tS1_tS1_tPVth
                0x000000000800017c       0x80 Core/Src/Stepper.o
                0x000000000800017c                Stepper::Stepper(long, GPIO_TypeDef*, unsigned short, GPIO_TypeDef*, unsigned short, GPIO_TypeDef*, unsigned short, GPIO_TypeDef*, unsigned short, unsigned short volatile*, unsigned char)
                0x000000000800017c                Stepper::Stepper(long, GPIO_TypeDef*, unsigned short, GPIO_TypeDef*, unsigned short, GPIO_TypeDef*, unsigned short, GPIO_TypeDef*, unsigned short, unsigned short volatile*, unsigned char)
 .text._ZN7Stepper8setSpeedEl
                0x00000000080001fc       0x30 Core/Src/Stepper.o
                0x00000000080001fc                Stepper::setSpeed(long)
 .text._ZN7Stepper12setStepBoundEl
                0x000000000800022c       0x1c Core/Src/Stepper.o
                0x000000000800022c                Stepper::setStepBound(long)
 .text.LL_AHB2_GRP1_EnableClock
                0x0000000008000248       0x32 Core/Src/adc.o
 *fill*         0x000000000800027a        0x2 
 .text.MX_ADC1_Init
                0x000000000800027c      0x12c Core/Src/adc.o
                0x000000000800027c                MX_ADC1_Init
 .text.HAL_ADC_MspInit
                0x00000000080003a8       0xe8 Core/Src/adc.o
                0x00000000080003a8                HAL_ADC_MspInit
 .text.LL_AHB1_GRP1_EnableClock
                0x0000000008000490       0x32 Core/Src/dma.o
 .text.MX_DMA_Init
                0x00000000080004c2       0x24 Core/Src/dma.o
                0x00000000080004c2                MX_DMA_Init
 .text.LL_AHB2_GRP1_EnableClock
                0x00000000080004e6       0x32 Core/Src/gpio.o
 .text.MX_GPIO_Init
                0x0000000008000518       0xd8 Core/Src/gpio.o
                0x0000000008000518                MX_GPIO_Init
 .text.main     0x00000000080005f0       0x2a Core/Src/main.o
                0x00000000080005f0                main
 *fill*         0x000000000800061a        0x2 
 .text._Z18SystemClock_Configv
                0x000000000800061c      0x148 Core/Src/main.o
                0x000000000800061c                SystemClock_Config()
 .text.Error_Handler
                0x0000000008000764        0x8 Core/Src/main.o
                0x0000000008000764                Error_Handler
 .text._Z6myMainv
                0x000000000800076c      0x104 Core/Src/myMain.o
                0x000000000800076c                myMain()
 .text.HAL_MspInit
                0x0000000008000870        0xe Core/Src/stm32wbxx_hal_msp.o
                0x0000000008000870                HAL_MspInit
 .text.NMI_Handler
                0x000000000800087e        0x6 Core/Src/stm32wbxx_it.o
                0x000000000800087e                NMI_Handler
 .text.HardFault_Handler
                0x0000000008000884        0x6 Core/Src/stm32wbxx_it.o
                0x0000000008000884                HardFault_Handler
 .text.MemManage_Handler
                0x000000000800088a        0x6 Core/Src/stm32wbxx_it.o
                0x000000000800088a                MemManage_Handler
 .text.BusFault_Handler
                0x0000000008000890        0x6 Core/Src/stm32wbxx_it.o
                0x0000000008000890                BusFault_Handler
 .text.UsageFault_Handler
                0x0000000008000896        0x6 Core/Src/stm32wbxx_it.o
                0x0000000008000896                UsageFault_Handler
 .text.SVC_Handler
                0x000000000800089c        0xe Core/Src/stm32wbxx_it.o
                0x000000000800089c                SVC_Handler
 .text.DebugMon_Handler
                0x00000000080008aa        0xe Core/Src/stm32wbxx_it.o
                0x00000000080008aa                DebugMon_Handler
 .text.PendSV_Handler
                0x00000000080008b8        0xe Core/Src/stm32wbxx_it.o
                0x00000000080008b8                PendSV_Handler
 .text.SysTick_Handler
                0x00000000080008c6        0xc Core/Src/stm32wbxx_it.o
                0x00000000080008c6                SysTick_Handler
 *fill*         0x00000000080008d2        0x2 
 .text.DMA1_Channel1_IRQHandler
                0x00000000080008d4       0x14 Core/Src/stm32wbxx_it.o
                0x00000000080008d4                DMA1_Channel1_IRQHandler
 .text.ADC1_IRQHandler
                0x00000000080008e8       0x14 Core/Src/stm32wbxx_it.o
                0x00000000080008e8                ADC1_IRQHandler
 .text.USB_LP_IRQHandler
                0x00000000080008fc       0x14 Core/Src/stm32wbxx_it.o
                0x00000000080008fc                USB_LP_IRQHandler
 .text.SystemInit
                0x0000000008000910       0xac Core/Src/system_stm32wbxx.o
                0x0000000008000910                SystemInit
 .text.LL_AHB2_GRP1_EnableClock
                0x00000000080009bc       0x32 Core/Src/tim.o
 .text.LL_APB1_GRP1_EnableClock
                0x00000000080009ee       0x32 Core/Src/tim.o
 .text.LL_APB2_GRP1_EnableClock
                0x0000000008000a20       0x32 Core/Src/tim.o
 *fill*         0x0000000008000a52        0x2 
 .text.MX_TIM2_Init
                0x0000000008000a54       0x9c Core/Src/tim.o
                0x0000000008000a54                MX_TIM2_Init
 .text.MX_TIM17_Init
                0x0000000008000af0       0xf4 Core/Src/tim.o
                0x0000000008000af0                MX_TIM17_Init
 .text.HAL_TIM_Base_MspInit
                0x0000000008000be4       0x38 Core/Src/tim.o
                0x0000000008000be4                HAL_TIM_Base_MspInit
 .text.HAL_TIM_MspPostInit
                0x0000000008000c1c       0x5c Core/Src/tim.o
                0x0000000008000c1c                HAL_TIM_MspPostInit
 .text.data_initializers
                0x0000000008000c78       0x18 Core/Startup/startup_stm32wb55rgvx.o
 .text.Reset_Handler
                0x0000000008000c90       0x54 Core/Startup/startup_stm32wb55rgvx.o
                0x0000000008000c90                Reset_Handler
 .text.Default_Handler
                0x0000000008000ce4        0x2 Core/Startup/startup_stm32wb55rgvx.o
                0x0000000008000ce4                RTC_Alarm_IRQHandler
                0x0000000008000ce4                EXTI2_IRQHandler
                0x0000000008000ce4                TIM1_CC_IRQHandler
                0x0000000008000ce4                TSC_IRQHandler
                0x0000000008000ce4                USB_HP_IRQHandler
                0x0000000008000ce4                EXTI3_IRQHandler
                0x0000000008000ce4                LPTIM2_IRQHandler
                0x0000000008000ce4                I2C3_ER_IRQHandler
                0x0000000008000ce4                EXTI0_IRQHandler
                0x0000000008000ce4                FPU_IRQHandler
                0x0000000008000ce4                TIM1_UP_TIM16_IRQHandler
                0x0000000008000ce4                AES1_IRQHandler
                0x0000000008000ce4                SPI1_IRQHandler
                0x0000000008000ce4                PWR_SOTF_BLEACT_802ACT_RFPHASE_IRQHandler
                0x0000000008000ce4                DMA2_Channel2_IRQHandler
                0x0000000008000ce4                DMA1_Channel4_IRQHandler
                0x0000000008000ce4                PKA_IRQHandler
                0x0000000008000ce4                DMA1_Channel7_IRQHandler
                0x0000000008000ce4                LCD_IRQHandler
                0x0000000008000ce4                IPCC_C1_TX_IRQHandler
                0x0000000008000ce4                DMA2_Channel1_IRQHandler
                0x0000000008000ce4                QUADSPI_IRQHandler
                0x0000000008000ce4                I2C1_EV_IRQHandler
                0x0000000008000ce4                DMAMUX1_OVR_IRQHandler
                0x0000000008000ce4                DMA1_Channel6_IRQHandler
                0x0000000008000ce4                DMA2_Channel4_IRQHandler
                0x0000000008000ce4                RCC_IRQHandler
                0x0000000008000ce4                Default_Handler
                0x0000000008000ce4                DMA2_Channel7_IRQHandler
                0x0000000008000ce4                EXTI15_10_IRQHandler
                0x0000000008000ce4                IPCC_C1_RX_IRQHandler
                0x0000000008000ce4                C2SEV_PWR_C2H_IRQHandler
                0x0000000008000ce4                AES2_IRQHandler
                0x0000000008000ce4                I2C3_EV_IRQHandler
                0x0000000008000ce4                EXTI9_5_IRQHandler
                0x0000000008000ce4                RTC_WKUP_IRQHandler
                0x0000000008000ce4                PVD_PVM_IRQHandler
                0x0000000008000ce4                SPI2_IRQHandler
                0x0000000008000ce4                DMA2_Channel5_IRQHandler
                0x0000000008000ce4                CRS_IRQHandler
                0x0000000008000ce4                DMA1_Channel5_IRQHandler
                0x0000000008000ce4                EXTI4_IRQHandler
                0x0000000008000ce4                RNG_IRQHandler
                0x0000000008000ce4                TIM1_TRG_COM_TIM17_IRQHandler
                0x0000000008000ce4                TAMP_STAMP_LSECSS_IRQHandler
                0x0000000008000ce4                DMA1_Channel3_IRQHandler
                0x0000000008000ce4                COMP_IRQHandler
                0x0000000008000ce4                HSEM_IRQHandler
                0x0000000008000ce4                WWDG_IRQHandler
                0x0000000008000ce4                LPUART1_IRQHandler
                0x0000000008000ce4                DMA2_Channel6_IRQHandler
                0x0000000008000ce4                TIM2_IRQHandler
                0x0000000008000ce4                TIM1_BRK_IRQHandler
                0x0000000008000ce4                EXTI1_IRQHandler
                0x0000000008000ce4                DMA1_Channel2_IRQHandler
                0x0000000008000ce4                FLASH_IRQHandler
                0x0000000008000ce4                USART1_IRQHandler
                0x0000000008000ce4                I2C1_ER_IRQHandler
                0x0000000008000ce4                LPTIM1_IRQHandler
                0x0000000008000ce4                SAI1_IRQHandler
                0x0000000008000ce4                DMA2_Channel3_IRQHandler
 *fill*         0x0000000008000ce6        0x2 
 .text.HAL_Init
                0x0000000008000ce8       0x40 Drivers/STM32WBxx_HAL_Driver/Src/stm32wbxx_hal.o
                0x0000000008000ce8                HAL_Init
 .text.HAL_InitTick
                0x0000000008000d28       0x74 Drivers/STM32WBxx_HAL_Driver/Src/stm32wbxx_hal.o
                0x0000000008000d28                HAL_InitTick
 .text.HAL_IncTick
                0x0000000008000d9c       0x28 Drivers/STM32WBxx_HAL_Driver/Src/stm32wbxx_hal.o
                0x0000000008000d9c                HAL_IncTick
 .text.HAL_GetTick
                0x0000000008000dc4       0x18 Drivers/STM32WBxx_HAL_Driver/Src/stm32wbxx_hal.o
                0x0000000008000dc4                HAL_GetTick
 .text.HAL_GetTickPrio
                0x0000000008000ddc       0x18 Drivers/STM32WBxx_HAL_Driver/Src/stm32wbxx_hal.o
                0x0000000008000ddc                HAL_GetTickPrio
 .text.HAL_Delay
                0x0000000008000df4       0x44 Drivers/STM32WBxx_HAL_Driver/Src/stm32wbxx_hal.o
                0x0000000008000df4                HAL_Delay
 .text.LL_ADC_SetCommonClock
                0x0000000008000e38       0x26 Drivers/STM32WBxx_HAL_Driver/Src/stm32wbxx_hal_adc.o
 .text.LL_ADC_SetCommonPathInternalCh
                0x0000000008000e5e       0x26 Drivers/STM32WBxx_HAL_Driver/Src/stm32wbxx_hal_adc.o
 .text.LL_ADC_GetCommonPathInternalCh
                0x0000000008000e84       0x1c Drivers/STM32WBxx_HAL_Driver/Src/stm32wbxx_hal_adc.o
 .text.LL_ADC_SetOffset
                0x0000000008000ea0       0x48 Drivers/STM32WBxx_HAL_Driver/Src/stm32wbxx_hal_adc.o
 .text.LL_ADC_GetOffsetChannel
                0x0000000008000ee8       0x2c Drivers/STM32WBxx_HAL_Driver/Src/stm32wbxx_hal_adc.o
 .text.LL_ADC_SetOffsetState
                0x0000000008000f14       0x36 Drivers/STM32WBxx_HAL_Driver/Src/stm32wbxx_hal_adc.o
 .text.LL_ADC_REG_IsTriggerSourceSWStart
                0x0000000008000f4a       0x26 Drivers/STM32WBxx_HAL_Driver/Src/stm32wbxx_hal_adc.o
 .text.LL_ADC_REG_SetSequencerRanks
                0x0000000008000f70       0x58 Drivers/STM32WBxx_HAL_Driver/Src/stm32wbxx_hal_adc.o
 .text.LL_ADC_REG_GetDMATransfer
                0x0000000008000fc8       0x1c Drivers/STM32WBxx_HAL_Driver/Src/stm32wbxx_hal_adc.o
 .text.LL_ADC_INJ_IsTriggerSourceSWStart
                0x0000000008000fe4       0x26 Drivers/STM32WBxx_HAL_Driver/Src/stm32wbxx_hal_adc.o
 .text.LL_ADC_SetChannelSamplingTime
                0x000000000800100a       0x56 Drivers/STM32WBxx_HAL_Driver/Src/stm32wbxx_hal_adc.o
 .text.LL_ADC_SetChannelSingleDiff
                0x0000000008001060       0x48 Drivers/STM32WBxx_HAL_Driver/Src/stm32wbxx_hal_adc.o
 .text.LL_ADC_DisableDeepPowerDown
                0x00000000080010a8       0x24 Drivers/STM32WBxx_HAL_Driver/Src/stm32wbxx_hal_adc.o
 .text.LL_ADC_IsDeepPowerDownEnabled
                0x00000000080010cc       0x28 Drivers/STM32WBxx_HAL_Driver/Src/stm32wbxx_hal_adc.o
 .text.LL_ADC_EnableInternalRegulator
                0x00000000080010f4       0x28 Drivers/STM32WBxx_HAL_Driver/Src/stm32wbxx_hal_adc.o
 .text.LL_ADC_IsInternalRegulatorEnabled
                0x000000000800111c       0x28 Drivers/STM32WBxx_HAL_Driver/Src/stm32wbxx_hal_adc.o
 .text.LL_ADC_Enable
                0x0000000008001144       0x28 Drivers/STM32WBxx_HAL_Driver/Src/stm32wbxx_hal_adc.o
 .text.LL_ADC_IsEnabled
                0x000000000800116c       0x26 Drivers/STM32WBxx_HAL_Driver/Src/stm32wbxx_hal_adc.o
 .text.LL_ADC_REG_StartConversion
                0x0000000008001192       0x28 Drivers/STM32WBxx_HAL_Driver/Src/stm32wbxx_hal_adc.o
 .text.LL_ADC_REG_IsConversionOngoing
                0x00000000080011ba       0x26 Drivers/STM32WBxx_HAL_Driver/Src/stm32wbxx_hal_adc.o
 .text.LL_ADC_INJ_IsConversionOngoing
                0x00000000080011e0       0x26 Drivers/STM32WBxx_HAL_Driver/Src/stm32wbxx_hal_adc.o
 *fill*         0x0000000008001206        0x2 
 .text.HAL_ADC_Init
                0x0000000008001208      0x294 Drivers/STM32WBxx_HAL_Driver/Src/stm32wbxx_hal_adc.o
                0x0000000008001208                HAL_ADC_Init
 .text.HAL_ADC_Start_DMA
                0x000000000800149c      0x108 Drivers/STM32WBxx_HAL_Driver/Src/stm32wbxx_hal_adc.o
                0x000000000800149c                HAL_ADC_Start_DMA
 .text.HAL_ADC_IRQHandler
                0x00000000080015a4      0x36c Drivers/STM32WBxx_HAL_Driver/Src/stm32wbxx_hal_adc.o
                0x00000000080015a4                HAL_ADC_IRQHandler
 .text.HAL_ADC_ConvCpltCallback
                0x0000000008001910       0x14 Drivers/STM32WBxx_HAL_Driver/Src/stm32wbxx_hal_adc.o
                0x0000000008001910                HAL_ADC_ConvCpltCallback
 .text.HAL_ADC_ConvHalfCpltCallback
                0x0000000008001924       0x14 Drivers/STM32WBxx_HAL_Driver/Src/stm32wbxx_hal_adc.o
                0x0000000008001924                HAL_ADC_ConvHalfCpltCallback
 .text.HAL_ADC_LevelOutOfWindowCallback
                0x0000000008001938       0x14 Drivers/STM32WBxx_HAL_Driver/Src/stm32wbxx_hal_adc.o
                0x0000000008001938                HAL_ADC_LevelOutOfWindowCallback
 .text.HAL_ADC_ErrorCallback
                0x000000000800194c       0x14 Drivers/STM32WBxx_HAL_Driver/Src/stm32wbxx_hal_adc.o
                0x000000000800194c                HAL_ADC_ErrorCallback
 .text.HAL_ADC_ConfigChannel
                0x0000000008001960      0x788 Drivers/STM32WBxx_HAL_Driver/Src/stm32wbxx_hal_adc.o
                0x0000000008001960                HAL_ADC_ConfigChannel
 .text.ADC_Enable
                0x00000000080020e8       0xf4 Drivers/STM32WBxx_HAL_Driver/Src/stm32wbxx_hal_adc.o
                0x00000000080020e8                ADC_Enable
 .text.ADC_DMAConvCplt
                0x00000000080021dc       0xd8 Drivers/STM32WBxx_HAL_Driver/Src/stm32wbxx_hal_adc.o
                0x00000000080021dc                ADC_DMAConvCplt
 .text.ADC_DMAHalfConvCplt
                0x00000000080022b4       0x1c Drivers/STM32WBxx_HAL_Driver/Src/stm32wbxx_hal_adc.o
                0x00000000080022b4                ADC_DMAHalfConvCplt
 .text.ADC_DMAError
                0x00000000080022d0       0x34 Drivers/STM32WBxx_HAL_Driver/Src/stm32wbxx_hal_adc.o
                0x00000000080022d0                ADC_DMAError
 .text.HAL_ADCEx_InjectedConvCpltCallback
                0x0000000008002304       0x14 Drivers/STM32WBxx_HAL_Driver/Src/stm32wbxx_hal_adc_ex.o
                0x0000000008002304                HAL_ADCEx_InjectedConvCpltCallback
 .text.HAL_ADCEx_InjectedQueueOverflowCallback
                0x0000000008002318       0x14 Drivers/STM32WBxx_HAL_Driver/Src/stm32wbxx_hal_adc_ex.o
                0x0000000008002318                HAL_ADCEx_InjectedQueueOverflowCallback
 .text.HAL_ADCEx_LevelOutOfWindow2Callback
                0x000000000800232c       0x14 Drivers/STM32WBxx_HAL_Driver/Src/stm32wbxx_hal_adc_ex.o
                0x000000000800232c                HAL_ADCEx_LevelOutOfWindow2Callback
 .text.HAL_ADCEx_LevelOutOfWindow3Callback
                0x0000000008002340       0x14 Drivers/STM32WBxx_HAL_Driver/Src/stm32wbxx_hal_adc_ex.o
                0x0000000008002340                HAL_ADCEx_LevelOutOfWindow3Callback
 .text.HAL_ADCEx_EndOfSamplingCallback
                0x0000000008002354       0x14 Drivers/STM32WBxx_HAL_Driver/Src/stm32wbxx_hal_adc_ex.o
                0x0000000008002354                HAL_ADCEx_EndOfSamplingCallback
 .text.__NVIC_SetPriorityGrouping
                0x0000000008002368       0x48 Drivers/STM32WBxx_HAL_Driver/Src/stm32wbxx_hal_cortex.o
 .text.__NVIC_GetPriorityGrouping
                0x00000000080023b0       0x1c Drivers/STM32WBxx_HAL_Driver/Src/stm32wbxx_hal_cortex.o
 .text.__NVIC_EnableIRQ
                0x00000000080023cc       0x3c Drivers/STM32WBxx_HAL_Driver/Src/stm32wbxx_hal_cortex.o
 .text.__NVIC_SetPriority
                0x0000000008002408       0x54 Drivers/STM32WBxx_HAL_Driver/Src/stm32wbxx_hal_cortex.o
 .text.NVIC_EncodePriority
                0x000000000800245c       0x66 Drivers/STM32WBxx_HAL_Driver/Src/stm32wbxx_hal_cortex.o
 *fill*         0x00000000080024c2        0x2 
 .text.SysTick_Config
                0x00000000080024c4       0x44 Drivers/STM32WBxx_HAL_Driver/Src/stm32wbxx_hal_cortex.o
 .text.HAL_NVIC_SetPriorityGrouping
                0x0000000008002508       0x16 Drivers/STM32WBxx_HAL_Driver/Src/stm32wbxx_hal_cortex.o
                0x0000000008002508                HAL_NVIC_SetPriorityGrouping
 .text.HAL_NVIC_SetPriority
                0x000000000800251e       0x34 Drivers/STM32WBxx_HAL_Driver/Src/stm32wbxx_hal_cortex.o
                0x000000000800251e                HAL_NVIC_SetPriority
 .text.HAL_NVIC_EnableIRQ
                0x0000000008002552       0x1c Drivers/STM32WBxx_HAL_Driver/Src/stm32wbxx_hal_cortex.o
                0x0000000008002552                HAL_NVIC_EnableIRQ
 .text.HAL_SYSTICK_Config
                0x000000000800256e       0x18 Drivers/STM32WBxx_HAL_Driver/Src/stm32wbxx_hal_cortex.o
                0x000000000800256e                HAL_SYSTICK_Config
 *fill*         0x0000000008002586        0x2 
 .text.HAL_DMA_Init
                0x0000000008002588      0x150 Drivers/STM32WBxx_HAL_Driver/Src/stm32wbxx_hal_dma.o
                0x0000000008002588                HAL_DMA_Init
 .text.HAL_DMA_Start_IT
                0x00000000080026d8       0xf6 Drivers/STM32WBxx_HAL_Driver/Src/stm32wbxx_hal_dma.o
                0x00000000080026d8                HAL_DMA_Start_IT
 .text.HAL_DMA_IRQHandler
                0x00000000080027ce      0x15e Drivers/STM32WBxx_HAL_Driver/Src/stm32wbxx_hal_dma.o
                0x00000000080027ce                HAL_DMA_IRQHandler
 .text.DMA_SetConfig
                0x000000000800292c       0x7c Drivers/STM32WBxx_HAL_Driver/Src/stm32wbxx_hal_dma.o
 .text.DMA_CalcDMAMUXChannelBaseAndMask
                0x00000000080029a8       0x7c Drivers/STM32WBxx_HAL_Driver/Src/stm32wbxx_hal_dma.o
 .text.DMA_CalcDMAMUXRequestGenBaseAndMask
                0x0000000008002a24       0x4c Drivers/STM32WBxx_HAL_Driver/Src/stm32wbxx_hal_dma.o
 .text.HAL_GPIO_Init
                0x0000000008002a70      0x2e0 Drivers/STM32WBxx_HAL_Driver/Src/stm32wbxx_hal_gpio.o
                0x0000000008002a70                HAL_GPIO_Init
 .text.HAL_GPIO_WritePin
                0x0000000008002d50       0x30 Drivers/STM32WBxx_HAL_Driver/Src/stm32wbxx_hal_gpio.o
                0x0000000008002d50                HAL_GPIO_WritePin
 .text.HAL_PCD_Init
                0x0000000008002d80      0x176 Drivers/STM32WBxx_HAL_Driver/Src/stm32wbxx_hal_pcd.o
                0x0000000008002d80                HAL_PCD_Init
 .text.HAL_PCD_Start
                0x0000000008002ef6       0x44 Drivers/STM32WBxx_HAL_Driver/Src/stm32wbxx_hal_pcd.o
                0x0000000008002ef6                HAL_PCD_Start
 .text.HAL_PCD_IRQHandler
                0x0000000008002f3a      0x29c Drivers/STM32WBxx_HAL_Driver/Src/stm32wbxx_hal_pcd.o
                0x0000000008002f3a                HAL_PCD_IRQHandler
 .text.HAL_PCD_SetAddress
                0x00000000080031d6       0x4a Drivers/STM32WBxx_HAL_Driver/Src/stm32wbxx_hal_pcd.o
                0x00000000080031d6                HAL_PCD_SetAddress
 .text.HAL_PCD_EP_Open
                0x0000000008003220       0xc0 Drivers/STM32WBxx_HAL_Driver/Src/stm32wbxx_hal_pcd.o
                0x0000000008003220                HAL_PCD_EP_Open
 .text.HAL_PCD_EP_Close
                0x00000000080032e0       0x84 Drivers/STM32WBxx_HAL_Driver/Src/stm32wbxx_hal_pcd.o
                0x00000000080032e0                HAL_PCD_EP_Close
 .text.HAL_PCD_EP_Receive
                0x0000000008003364       0x74 Drivers/STM32WBxx_HAL_Driver/Src/stm32wbxx_hal_pcd.o
                0x0000000008003364                HAL_PCD_EP_Receive
 .text.HAL_PCD_EP_GetRxCount
                0x00000000080033d8       0x2a Drivers/STM32WBxx_HAL_Driver/Src/stm32wbxx_hal_pcd.o
                0x00000000080033d8                HAL_PCD_EP_GetRxCount
 .text.HAL_PCD_EP_Transmit
                0x0000000008003402       0x72 Drivers/STM32WBxx_HAL_Driver/Src/stm32wbxx_hal_pcd.o
                0x0000000008003402                HAL_PCD_EP_Transmit
 .text.HAL_PCD_EP_SetStall
                0x0000000008003474       0xb4 Drivers/STM32WBxx_HAL_Driver/Src/stm32wbxx_hal_pcd.o
                0x0000000008003474                HAL_PCD_EP_SetStall
 .text.HAL_PCD_EP_ClrStall
                0x0000000008003528       0x9c Drivers/STM32WBxx_HAL_Driver/Src/stm32wbxx_hal_pcd.o
                0x0000000008003528                HAL_PCD_EP_ClrStall
 .text.PCD_EP_ISR_Handler
                0x00000000080035c4      0x560 Drivers/STM32WBxx_HAL_Driver/Src/stm32wbxx_hal_pcd.o
 .text.HAL_PCDEx_PMAConfig
                0x0000000008003b24       0x7a Drivers/STM32WBxx_HAL_Driver/Src/stm32wbxx_hal_pcd_ex.o
                0x0000000008003b24                HAL_PCDEx_PMAConfig
 .text.HAL_PCDEx_ActivateLPM
                0x0000000008003b9e       0x54 Drivers/STM32WBxx_HAL_Driver/Src/stm32wbxx_hal_pcd_ex.o
                0x0000000008003b9e                HAL_PCDEx_ActivateLPM
 *fill*         0x0000000008003bf2        0x2 
 .text.HAL_PWR_EnableBkUpAccess
                0x0000000008003bf4       0x20 Drivers/STM32WBxx_HAL_Driver/Src/stm32wbxx_hal_pwr.o
                0x0000000008003bf4                HAL_PWR_EnableBkUpAccess
 .text.HAL_PWREx_GetVoltageRange
                0x0000000008003c14       0x1c Drivers/STM32WBxx_HAL_Driver/Src/stm32wbxx_hal_pwr_ex.o
                0x0000000008003c14                HAL_PWREx_GetVoltageRange
 .text.HAL_PWREx_EnableVddUSB
                0x0000000008003c30       0x20 Drivers/STM32WBxx_HAL_Driver/Src/stm32wbxx_hal_pwr_ex.o
                0x0000000008003c30                HAL_PWREx_EnableVddUSB
 .text.LL_RCC_HSE_IsEnabledDiv2
                0x0000000008003c50       0x24 Drivers/STM32WBxx_HAL_Driver/Src/stm32wbxx_hal_rcc.o
 .text.LL_RCC_HSE_Enable
                0x0000000008003c74       0x1e Drivers/STM32WBxx_HAL_Driver/Src/stm32wbxx_hal_rcc.o
 .text.LL_RCC_HSE_Disable
                0x0000000008003c92       0x1e Drivers/STM32WBxx_HAL_Driver/Src/stm32wbxx_hal_rcc.o
 .text.LL_RCC_HSE_IsReady
                0x0000000008003cb0       0x24 Drivers/STM32WBxx_HAL_Driver/Src/stm32wbxx_hal_rcc.o
 .text.LL_RCC_HSI_Enable
                0x0000000008003cd4       0x1e Drivers/STM32WBxx_HAL_Driver/Src/stm32wbxx_hal_rcc.o
 .text.LL_RCC_HSI_Disable
                0x0000000008003cf2       0x1e Drivers/STM32WBxx_HAL_Driver/Src/stm32wbxx_hal_rcc.o
 .text.LL_RCC_HSI_IsReady
                0x0000000008003d10       0x24 Drivers/STM32WBxx_HAL_Driver/Src/stm32wbxx_hal_rcc.o
 .text.LL_RCC_HSI_SetCalibTrimming
                0x0000000008003d34       0x2a Drivers/STM32WBxx_HAL_Driver/Src/stm32wbxx_hal_rcc.o
 .text.LL_RCC_HSI48_Enable
                0x0000000008003d5e       0x22 Drivers/STM32WBxx_HAL_Driver/Src/stm32wbxx_hal_rcc.o
 .text.LL_RCC_HSI48_Disable
                0x0000000008003d80       0x22 Drivers/STM32WBxx_HAL_Driver/Src/stm32wbxx_hal_rcc.o
 .text.LL_RCC_HSI48_IsReady
                0x0000000008003da2       0x24 Drivers/STM32WBxx_HAL_Driver/Src/stm32wbxx_hal_rcc.o
 .text.LL_RCC_LSE_Enable
                0x0000000008003dc6       0x22 Drivers/STM32WBxx_HAL_Driver/Src/stm32wbxx_hal_rcc.o
 .text.LL_RCC_LSE_Disable
                0x0000000008003de8       0x22 Drivers/STM32WBxx_HAL_Driver/Src/stm32wbxx_hal_rcc.o
 .text.LL_RCC_LSE_EnableBypass
                0x0000000008003e0a       0x22 Drivers/STM32WBxx_HAL_Driver/Src/stm32wbxx_hal_rcc.o
 .text.LL_RCC_LSE_DisableBypass
                0x0000000008003e2c       0x22 Drivers/STM32WBxx_HAL_Driver/Src/stm32wbxx_hal_rcc.o
 .text.LL_RCC_LSE_IsReady
                0x0000000008003e4e       0x24 Drivers/STM32WBxx_HAL_Driver/Src/stm32wbxx_hal_rcc.o
 .text.LL_RCC_LSI1_Enable
                0x0000000008003e72       0x22 Drivers/STM32WBxx_HAL_Driver/Src/stm32wbxx_hal_rcc.o
 .text.LL_RCC_LSI1_Disable
                0x0000000008003e94       0x22 Drivers/STM32WBxx_HAL_Driver/Src/stm32wbxx_hal_rcc.o
 .text.LL_RCC_LSI1_IsReady
                0x0000000008003eb6       0x24 Drivers/STM32WBxx_HAL_Driver/Src/stm32wbxx_hal_rcc.o
 .text.LL_RCC_LSI2_Enable
                0x0000000008003eda       0x22 Drivers/STM32WBxx_HAL_Driver/Src/stm32wbxx_hal_rcc.o
 .text.LL_RCC_LSI2_Disable
                0x0000000008003efc       0x22 Drivers/STM32WBxx_HAL_Driver/Src/stm32wbxx_hal_rcc.o
 .text.LL_RCC_LSI2_IsReady
                0x0000000008003f1e       0x24 Drivers/STM32WBxx_HAL_Driver/Src/stm32wbxx_hal_rcc.o
 .text.LL_RCC_LSI2_SetTrimming
                0x0000000008003f42       0x2e Drivers/STM32WBxx_HAL_Driver/Src/stm32wbxx_hal_rcc.o
 .text.LL_RCC_MSI_Enable
                0x0000000008003f70       0x1e Drivers/STM32WBxx_HAL_Driver/Src/stm32wbxx_hal_rcc.o
 .text.LL_RCC_MSI_Disable
                0x0000000008003f8e       0x1e Drivers/STM32WBxx_HAL_Driver/Src/stm32wbxx_hal_rcc.o
 .text.LL_RCC_MSI_IsReady
                0x0000000008003fac       0x22 Drivers/STM32WBxx_HAL_Driver/Src/stm32wbxx_hal_rcc.o
 .text.LL_RCC_MSI_SetRange
                0x0000000008003fce       0x28 Drivers/STM32WBxx_HAL_Driver/Src/stm32wbxx_hal_rcc.o
 .text.LL_RCC_MSI_GetRange
                0x0000000008003ff6       0x2a Drivers/STM32WBxx_HAL_Driver/Src/stm32wbxx_hal_rcc.o
 .text.LL_RCC_MSI_SetCalibTrimming
                0x0000000008004020       0x2a Drivers/STM32WBxx_HAL_Driver/Src/stm32wbxx_hal_rcc.o
 .text.LL_RCC_SetSysClkSource
                0x000000000800404a       0x28 Drivers/STM32WBxx_HAL_Driver/Src/stm32wbxx_hal_rcc.o
 .text.LL_RCC_GetSysClkSource
                0x0000000008004072       0x18 Drivers/STM32WBxx_HAL_Driver/Src/stm32wbxx_hal_rcc.o
 .text.LL_RCC_SetAHBPrescaler
                0x000000000800408a       0x28 Drivers/STM32WBxx_HAL_Driver/Src/stm32wbxx_hal_rcc.o
 .text.LL_C2_RCC_SetAHBPrescaler
                0x00000000080040b2       0x2c Drivers/STM32WBxx_HAL_Driver/Src/stm32wbxx_hal_rcc.o
 .text.LL_RCC_SetAHB4Prescaler
                0x00000000080040de       0x2e Drivers/STM32WBxx_HAL_Driver/Src/stm32wbxx_hal_rcc.o
 .text.LL_RCC_SetAPB1Prescaler
                0x000000000800410c       0x28 Drivers/STM32WBxx_HAL_Driver/Src/stm32wbxx_hal_rcc.o
 .text.LL_RCC_SetAPB2Prescaler
                0x0000000008004134       0x28 Drivers/STM32WBxx_HAL_Driver/Src/stm32wbxx_hal_rcc.o
 .text.LL_RCC_GetAHBPrescaler
                0x000000000800415c       0x18 Drivers/STM32WBxx_HAL_Driver/Src/stm32wbxx_hal_rcc.o
 .text.LL_RCC_GetAHB4Prescaler
                0x0000000008004174       0x1c Drivers/STM32WBxx_HAL_Driver/Src/stm32wbxx_hal_rcc.o
 .text.LL_RCC_PLL_Enable
                0x0000000008004190       0x1e Drivers/STM32WBxx_HAL_Driver/Src/stm32wbxx_hal_rcc.o
 .text.LL_RCC_PLL_Disable
                0x00000000080041ae       0x1e Drivers/STM32WBxx_HAL_Driver/Src/stm32wbxx_hal_rcc.o
 .text.LL_RCC_PLL_IsReady
                0x00000000080041cc       0x24 Drivers/STM32WBxx_HAL_Driver/Src/stm32wbxx_hal_rcc.o
 .text.LL_RCC_PLL_GetN
                0x00000000080041f0       0x1a Drivers/STM32WBxx_HAL_Driver/Src/stm32wbxx_hal_rcc.o
 .text.LL_RCC_PLL_GetR
                0x000000000800420a       0x18 Drivers/STM32WBxx_HAL_Driver/Src/stm32wbxx_hal_rcc.o
 .text.LL_RCC_PLL_GetDivider
                0x0000000008004222       0x18 Drivers/STM32WBxx_HAL_Driver/Src/stm32wbxx_hal_rcc.o
 .text.LL_RCC_PLL_GetMainSource
                0x000000000800423a       0x18 Drivers/STM32WBxx_HAL_Driver/Src/stm32wbxx_hal_rcc.o
 .text.LL_RCC_IsActiveFlag_HPRE
                0x0000000008004252       0x24 Drivers/STM32WBxx_HAL_Driver/Src/stm32wbxx_hal_rcc.o
 .text.LL_RCC_IsActiveFlag_C2HPRE
                0x0000000008004276       0x26 Drivers/STM32WBxx_HAL_Driver/Src/stm32wbxx_hal_rcc.o
 .text.LL_RCC_IsActiveFlag_SHDHPRE
                0x000000000800429c       0x26 Drivers/STM32WBxx_HAL_Driver/Src/stm32wbxx_hal_rcc.o
 .text.LL_RCC_IsActiveFlag_PPRE1
                0x00000000080042c2       0x24 Drivers/STM32WBxx_HAL_Driver/Src/stm32wbxx_hal_rcc.o
 .text.LL_RCC_IsActiveFlag_PPRE2
                0x00000000080042e6       0x24 Drivers/STM32WBxx_HAL_Driver/Src/stm32wbxx_hal_rcc.o
 *fill*         0x000000000800430a        0x2 
 .text.HAL_RCC_OscConfig
                0x000000000800430c      0x718 Drivers/STM32WBxx_HAL_Driver/Src/stm32wbxx_hal_rcc.o
                0x000000000800430c                HAL_RCC_OscConfig
 .text.HAL_RCC_ClockConfig
                0x0000000008004a24      0x280 Drivers/STM32WBxx_HAL_Driver/Src/stm32wbxx_hal_rcc.o
                0x0000000008004a24                HAL_RCC_ClockConfig
 .text.HAL_RCC_GetSysClockFreq
                0x0000000008004ca4       0xd4 Drivers/STM32WBxx_HAL_Driver/Src/stm32wbxx_hal_rcc.o
                0x0000000008004ca4                HAL_RCC_GetSysClockFreq
 .text.HAL_RCC_GetHCLKFreq
                0x0000000008004d78       0x28 Drivers/STM32WBxx_HAL_Driver/Src/stm32wbxx_hal_rcc.o
                0x0000000008004d78                HAL_RCC_GetHCLKFreq
 .text.RCC_SetFlashLatencyFromMSIRange
                0x0000000008004da0       0x70 Drivers/STM32WBxx_HAL_Driver/Src/stm32wbxx_hal_rcc.o
 .text.RCC_SetFlashLatency
                0x0000000008004e10      0x100 Drivers/STM32WBxx_HAL_Driver/Src/stm32wbxx_hal_rcc.o
 .text.LL_RCC_LSE_IsEnabled
                0x0000000008004f10       0x24 Drivers/STM32WBxx_HAL_Driver/Src/stm32wbxx_hal_rcc_ex.o
 .text.LL_RCC_LSE_IsReady
                0x0000000008004f34       0x24 Drivers/STM32WBxx_HAL_Driver/Src/stm32wbxx_hal_rcc_ex.o
 .text.LL_RCC_SetRFWKPClockSource
                0x0000000008004f58       0x2c Drivers/STM32WBxx_HAL_Driver/Src/stm32wbxx_hal_rcc_ex.o
 .text.LL_RCC_SetSMPSClockSource
                0x0000000008004f84       0x28 Drivers/STM32WBxx_HAL_Driver/Src/stm32wbxx_hal_rcc_ex.o
 .text.LL_RCC_SetSMPSPrescaler
                0x0000000008004fac       0x28 Drivers/STM32WBxx_HAL_Driver/Src/stm32wbxx_hal_rcc_ex.o
 .text.LL_RCC_SetUSARTClockSource
                0x0000000008004fd4       0x2c Drivers/STM32WBxx_HAL_Driver/Src/stm32wbxx_hal_rcc_ex.o
 .text.LL_RCC_SetLPUARTClockSource
                0x0000000008005000       0x2c Drivers/STM32WBxx_HAL_Driver/Src/stm32wbxx_hal_rcc_ex.o
 .text.LL_RCC_SetI2CClockSource
                0x000000000800502c       0x3a Drivers/STM32WBxx_HAL_Driver/Src/stm32wbxx_hal_rcc_ex.o
 .text.LL_RCC_SetLPTIMClockSource
                0x0000000008005066       0x34 Drivers/STM32WBxx_HAL_Driver/Src/stm32wbxx_hal_rcc_ex.o
 .text.LL_RCC_SetSAIClockSource
                0x000000000800509a       0x2c Drivers/STM32WBxx_HAL_Driver/Src/stm32wbxx_hal_rcc_ex.o
 .text.LL_RCC_SetRNGClockSource
                0x00000000080050c6       0x2c Drivers/STM32WBxx_HAL_Driver/Src/stm32wbxx_hal_rcc_ex.o
 .text.LL_RCC_SetCLK48ClockSource
                0x00000000080050f2       0x2c Drivers/STM32WBxx_HAL_Driver/Src/stm32wbxx_hal_rcc_ex.o
 .text.LL_RCC_SetUSBClockSource
                0x000000000800511e       0x16 Drivers/STM32WBxx_HAL_Driver/Src/stm32wbxx_hal_rcc_ex.o
 .text.LL_RCC_SetADCClockSource
                0x0000000008005134       0x2c Drivers/STM32WBxx_HAL_Driver/Src/stm32wbxx_hal_rcc_ex.o
 .text.LL_RCC_SetRTCClockSource
                0x0000000008005160       0x2c Drivers/STM32WBxx_HAL_Driver/Src/stm32wbxx_hal_rcc_ex.o
 .text.LL_RCC_GetRTCClockSource
                0x000000000800518c       0x1a Drivers/STM32WBxx_HAL_Driver/Src/stm32wbxx_hal_rcc_ex.o
 .text.LL_RCC_ForceBackupDomainReset
                0x00000000080051a6       0x22 Drivers/STM32WBxx_HAL_Driver/Src/stm32wbxx_hal_rcc_ex.o
 .text.LL_RCC_ReleaseBackupDomainReset
                0x00000000080051c8       0x22 Drivers/STM32WBxx_HAL_Driver/Src/stm32wbxx_hal_rcc_ex.o
 .text.LL_RCC_PLLSAI1_Enable
                0x00000000080051ea       0x1e Drivers/STM32WBxx_HAL_Driver/Src/stm32wbxx_hal_rcc_ex.o
 .text.LL_RCC_PLLSAI1_Disable
                0x0000000008005208       0x1e Drivers/STM32WBxx_HAL_Driver/Src/stm32wbxx_hal_rcc_ex.o
 .text.LL_RCC_PLLSAI1_IsReady
                0x0000000008005226       0x24 Drivers/STM32WBxx_HAL_Driver/Src/stm32wbxx_hal_rcc_ex.o
 .text.HAL_RCCEx_PeriphCLKConfig
                0x000000000800524a      0x2ea Drivers/STM32WBxx_HAL_Driver/Src/stm32wbxx_hal_rcc_ex.o
                0x000000000800524a                HAL_RCCEx_PeriphCLKConfig
 .text.RCCEx_PLLSAI1_ConfigNP
                0x0000000008005534       0xb6 Drivers/STM32WBxx_HAL_Driver/Src/stm32wbxx_hal_rcc_ex.o
 .text.RCCEx_PLLSAI1_ConfigNQ
                0x00000000080055ea       0xb6 Drivers/STM32WBxx_HAL_Driver/Src/stm32wbxx_hal_rcc_ex.o
 .text.RCCEx_PLLSAI1_ConfigNR
                0x00000000080056a0       0xb6 Drivers/STM32WBxx_HAL_Driver/Src/stm32wbxx_hal_rcc_ex.o
 .text.HAL_TIM_Base_Init
                0x0000000008005756       0xae Drivers/STM32WBxx_HAL_Driver/Src/stm32wbxx_hal_tim.o
                0x0000000008005756                HAL_TIM_Base_Init
 .text.HAL_TIM_Base_Start
                0x0000000008005804       0x8c Drivers/STM32WBxx_HAL_Driver/Src/stm32wbxx_hal_tim.o
                0x0000000008005804                HAL_TIM_Base_Start
 .text.HAL_TIM_Base_Start_IT
                0x0000000008005890       0x9c Drivers/STM32WBxx_HAL_Driver/Src/stm32wbxx_hal_tim.o
                0x0000000008005890                HAL_TIM_Base_Start_IT
 .text.HAL_TIM_PWM_Init
                0x000000000800592c       0xae Drivers/STM32WBxx_HAL_Driver/Src/stm32wbxx_hal_tim.o
                0x000000000800592c                HAL_TIM_PWM_Init
 .text.HAL_TIM_PWM_MspInit
                0x00000000080059da       0x14 Drivers/STM32WBxx_HAL_Driver/Src/stm32wbxx_hal_tim.o
                0x00000000080059da                HAL_TIM_PWM_MspInit
 *fill*         0x00000000080059ee        0x2 
 .text.HAL_TIM_PWM_Start
                0x00000000080059f0      0x1b4 Drivers/STM32WBxx_HAL_Driver/Src/stm32wbxx_hal_tim.o
                0x00000000080059f0                HAL_TIM_PWM_Start
 .text.HAL_TIM_PWM_ConfigChannel
                0x0000000008005ba4      0x220 Drivers/STM32WBxx_HAL_Driver/Src/stm32wbxx_hal_tim.o
                0x0000000008005ba4                HAL_TIM_PWM_ConfigChannel
 .text.HAL_TIM_ConfigClockSource
                0x0000000008005dc4      0x172 Drivers/STM32WBxx_HAL_Driver/Src/stm32wbxx_hal_tim.o
                0x0000000008005dc4                HAL_TIM_ConfigClockSource
 *fill*         0x0000000008005f36        0x2 
 .text.TIM_Base_SetConfig
                0x0000000008005f38       0xc8 Drivers/STM32WBxx_HAL_Driver/Src/stm32wbxx_hal_tim.o
                0x0000000008005f38                TIM_Base_SetConfig
 .text.TIM_OC1_SetConfig
                0x0000000008006000       0xf8 Drivers/STM32WBxx_HAL_Driver/Src/stm32wbxx_hal_tim.o
 .text.TIM_OC2_SetConfig
                0x00000000080060f8       0xf4 Drivers/STM32WBxx_HAL_Driver/Src/stm32wbxx_hal_tim.o
                0x00000000080060f8                TIM_OC2_SetConfig
 .text.TIM_OC3_SetConfig
                0x00000000080061ec       0xf0 Drivers/STM32WBxx_HAL_Driver/Src/stm32wbxx_hal_tim.o
 .text.TIM_OC4_SetConfig
                0x00000000080062dc       0xbc Drivers/STM32WBxx_HAL_Driver/Src/stm32wbxx_hal_tim.o
 .text.TIM_OC5_SetConfig
                0x0000000008006398       0xb0 Drivers/STM32WBxx_HAL_Driver/Src/stm32wbxx_hal_tim.o
 .text.TIM_OC6_SetConfig
                0x0000000008006448       0xb4 Drivers/STM32WBxx_HAL_Driver/Src/stm32wbxx_hal_tim.o
 .text.TIM_TI1_ConfigInputStage
                0x00000000080064fc       0x5e Drivers/STM32WBxx_HAL_Driver/Src/stm32wbxx_hal_tim.o
 .text.TIM_TI2_ConfigInputStage
                0x000000000800655a       0x60 Drivers/STM32WBxx_HAL_Driver/Src/stm32wbxx_hal_tim.o
 .text.TIM_ITRx_SetConfig
                0x00000000080065ba       0x3a Drivers/STM32WBxx_HAL_Driver/Src/stm32wbxx_hal_tim.o
 .text.TIM_ETR_SetConfig
                0x00000000080065f4       0x40 Drivers/STM32WBxx_HAL_Driver/Src/stm32wbxx_hal_tim.o
                0x00000000080065f4                TIM_ETR_SetConfig
 .text.TIM_CCxChannelCmd
                0x0000000008006634       0x4a Drivers/STM32WBxx_HAL_Driver/Src/stm32wbxx_hal_tim.o
                0x0000000008006634                TIM_CCxChannelCmd
 *fill*         0x000000000800667e        0x2 
 .text.HAL_TIMEx_MasterConfigSynchronization
                0x0000000008006680       0xc0 Drivers/STM32WBxx_HAL_Driver/Src/stm32wbxx_hal_tim_ex.o
                0x0000000008006680                HAL_TIMEx_MasterConfigSynchronization
 .text.HAL_TIMEx_ConfigBreakDeadTime
                0x0000000008006740      0x120 Drivers/STM32WBxx_HAL_Driver/Src/stm32wbxx_hal_tim_ex.o
                0x0000000008006740                HAL_TIMEx_ConfigBreakDeadTime
 .text.USB_EnableGlobalInt
                0x0000000008006860       0x32 Drivers/STM32WBxx_HAL_Driver/Src/stm32wbxx_ll_usb.o
                0x0000000008006860                USB_EnableGlobalInt
 .text.USB_DisableGlobalInt
                0x0000000008006892       0x36 Drivers/STM32WBxx_HAL_Driver/Src/stm32wbxx_ll_usb.o
                0x0000000008006892                USB_DisableGlobalInt
 .text.USB_DevInit
                0x00000000080068c8       0x48 Drivers/STM32WBxx_HAL_Driver/Src/stm32wbxx_ll_usb.o
                0x00000000080068c8                USB_DevInit
 .text.USB_ActivateEndpoint
                0x0000000008006910      0x75c Drivers/STM32WBxx_HAL_Driver/Src/stm32wbxx_ll_usb.o
                0x0000000008006910                USB_ActivateEndpoint
 .text.USB_DeactivateEndpoint
                0x000000000800706c      0x3da Drivers/STM32WBxx_HAL_Driver/Src/stm32wbxx_ll_usb.o
                0x000000000800706c                USB_DeactivateEndpoint
 .text.USB_EPStartXfer
                0x0000000008007446      0x64c Drivers/STM32WBxx_HAL_Driver/Src/stm32wbxx_ll_usb.o
                0x0000000008007446                USB_EPStartXfer
 .text.USB_EPSetStall
                0x0000000008007a92       0xa2 Drivers/STM32WBxx_HAL_Driver/Src/stm32wbxx_ll_usb.o
                0x0000000008007a92                USB_EPSetStall
 .text.USB_EPClearStall
                0x0000000008007b34      0x15c Drivers/STM32WBxx_HAL_Driver/Src/stm32wbxx_ll_usb.o
                0x0000000008007b34                USB_EPClearStall
 .text.USB_SetDevAddress
                0x0000000008007c90       0x28 Drivers/STM32WBxx_HAL_Driver/Src/stm32wbxx_ll_usb.o
                0x0000000008007c90                USB_SetDevAddress
 .text.USB_DevConnect
                0x0000000008007cb8       0x2e Drivers/STM32WBxx_HAL_Driver/Src/stm32wbxx_ll_usb.o
                0x0000000008007cb8                USB_DevConnect
 .text.USB_ReadInterrupts
                0x0000000008007ce6       0x20 Drivers/STM32WBxx_HAL_Driver/Src/stm32wbxx_ll_usb.o
                0x0000000008007ce6                USB_ReadInterrupts
 .text.USB_EP0_OutStart
                0x0000000008007d06       0x18 Drivers/STM32WBxx_HAL_Driver/Src/stm32wbxx_ll_usb.o
                0x0000000008007d06                USB_EP0_OutStart
 .text.USB_WritePMA
                0x0000000008007d1e       0x82 Drivers/STM32WBxx_HAL_Driver/Src/stm32wbxx_ll_usb.o
                0x0000000008007d1e                USB_WritePMA
 .text.USB_ReadPMA
                0x0000000008007da0       0x98 Drivers/STM32WBxx_HAL_Driver/Src/stm32wbxx_ll_usb.o
                0x0000000008007da0                USB_ReadPMA
 .text.USBD_CDC_Init
                0x0000000008007e38       0xfe Middlewares/ST/STM32_USB_Device_Library/Class/CDC/Src/usbd_cdc.o
 .text.USBD_CDC_DeInit
                0x0000000008007f36       0x74 Middlewares/ST/STM32_USB_Device_Library/Class/CDC/Src/usbd_cdc.o
 *fill*         0x0000000008007faa        0x2 
 .text.USBD_CDC_Setup
                0x0000000008007fac      0x190 Middlewares/ST/STM32_USB_Device_Library/Class/CDC/Src/usbd_cdc.o
 .text.USBD_CDC_DataIn
                0x000000000800813c       0xc4 Middlewares/ST/STM32_USB_Device_Library/Class/CDC/Src/usbd_cdc.o
 .text.USBD_CDC_DataOut
                0x0000000008008200       0x56 Middlewares/ST/STM32_USB_Device_Library/Class/CDC/Src/usbd_cdc.o
 .text.USBD_CDC_EP0_RxReady
                0x0000000008008256       0x5a Middlewares/ST/STM32_USB_Device_Library/Class/CDC/Src/usbd_cdc.o
 .text.USBD_CDC_GetFSCfgDesc
                0x00000000080082b0       0x20 Middlewares/ST/STM32_USB_Device_Library/Class/CDC/Src/usbd_cdc.o
 .text.USBD_CDC_GetHSCfgDesc
                0x00000000080082d0       0x20 Middlewares/ST/STM32_USB_Device_Library/Class/CDC/Src/usbd_cdc.o
 .text.USBD_CDC_GetOtherSpeedCfgDesc
                0x00000000080082f0       0x20 Middlewares/ST/STM32_USB_Device_Library/Class/CDC/Src/usbd_cdc.o
 .text.USBD_CDC_GetDeviceQualifierDescriptor
                0x0000000008008310       0x20 Middlewares/ST/STM32_USB_Device_Library/Class/CDC/Src/usbd_cdc.o
                0x0000000008008310                USBD_CDC_GetDeviceQualifierDescriptor
 .text.USBD_CDC_RegisterInterface
                0x0000000008008330       0x2a Middlewares/ST/STM32_USB_Device_Library/Class/CDC/Src/usbd_cdc.o
                0x0000000008008330                USBD_CDC_RegisterInterface
 .text.USBD_CDC_SetTxBuffer
                0x000000000800835a       0x3c Middlewares/ST/STM32_USB_Device_Library/Class/CDC/Src/usbd_cdc.o
                0x000000000800835a                USBD_CDC_SetTxBuffer
 .text.USBD_CDC_SetRxBuffer
                0x0000000008008396       0x32 Middlewares/ST/STM32_USB_Device_Library/Class/CDC/Src/usbd_cdc.o
                0x0000000008008396                USBD_CDC_SetRxBuffer
 .text.USBD_CDC_ReceivePacket
                0x00000000080083c8       0x54 Middlewares/ST/STM32_USB_Device_Library/Class/CDC/Src/usbd_cdc.o
                0x00000000080083c8                USBD_CDC_ReceivePacket
 .text.USBD_Init
                0x000000000800841c       0x60 Middlewares/ST/STM32_USB_Device_Library/Core/Src/usbd_core.o
                0x000000000800841c                USBD_Init
 .text.USBD_RegisterClass
                0x000000000800847c       0x4e Middlewares/ST/STM32_USB_Device_Library/Core/Src/usbd_core.o
                0x000000000800847c                USBD_RegisterClass
 .text.USBD_Start
                0x00000000080084ca       0x18 Middlewares/ST/STM32_USB_Device_Library/Core/Src/usbd_core.o
                0x00000000080084ca                USBD_Start
 .text.USBD_RunTestMode
                0x00000000080084e2       0x16 Middlewares/ST/STM32_USB_Device_Library/Core/Src/usbd_core.o
                0x00000000080084e2                USBD_RunTestMode
 .text.USBD_SetClassConfig
                0x00000000080084f8       0x38 Middlewares/ST/STM32_USB_Device_Library/Core/Src/usbd_core.o
                0x00000000080084f8                USBD_SetClassConfig
 .text.USBD_ClrClassConfig
                0x0000000008008530       0x30 Middlewares/ST/STM32_USB_Device_Library/Core/Src/usbd_core.o
                0x0000000008008530                USBD_ClrClassConfig
 .text.USBD_LL_SetupStage
                0x0000000008008560       0xa6 Middlewares/ST/STM32_USB_Device_Library/Core/Src/usbd_core.o
                0x0000000008008560                USBD_LL_SetupStage
 .text.USBD_LL_DataOutStage
                0x0000000008008606       0xc6 Middlewares/ST/STM32_USB_Device_Library/Core/Src/usbd_core.o
                0x0000000008008606                USBD_LL_DataOutStage
 .text.USBD_LL_DataInStage
                0x00000000080086cc      0x12c Middlewares/ST/STM32_USB_Device_Library/Core/Src/usbd_core.o
                0x00000000080086cc                USBD_LL_DataInStage
 .text.USBD_LL_Reset
                0x00000000080087f8       0x9c Middlewares/ST/STM32_USB_Device_Library/Core/Src/usbd_core.o
                0x00000000080087f8                USBD_LL_Reset
 .text.USBD_LL_SetSpeed
                0x0000000008008894       0x20 Middlewares/ST/STM32_USB_Device_Library/Core/Src/usbd_core.o
                0x0000000008008894                USBD_LL_SetSpeed
 .text.USBD_LL_Suspend
                0x00000000080088b4       0x2c Middlewares/ST/STM32_USB_Device_Library/Core/Src/usbd_core.o
                0x00000000080088b4                USBD_LL_Suspend
 .text.USBD_LL_Resume
                0x00000000080088e0       0x30 Middlewares/ST/STM32_USB_Device_Library/Core/Src/usbd_core.o
                0x00000000080088e0                USBD_LL_Resume
 .text.USBD_LL_SOF
                0x0000000008008910       0x44 Middlewares/ST/STM32_USB_Device_Library/Core/Src/usbd_core.o
                0x0000000008008910                USBD_LL_SOF
 .text.SWAPBYTE
                0x0000000008008954       0x3c Middlewares/ST/STM32_USB_Device_Library/Core/Src/usbd_ctlreq.o
 .text.USBD_StdDevReq
                0x0000000008008990       0xdc Middlewares/ST/STM32_USB_Device_Library/Core/Src/usbd_ctlreq.o
                0x0000000008008990                USBD_StdDevReq
 .text.USBD_StdItfReq
                0x0000000008008a6c       0x8e Middlewares/ST/STM32_USB_Device_Library/Core/Src/usbd_ctlreq.o
                0x0000000008008a6c                USBD_StdItfReq
 .text.USBD_StdEPReq
                0x0000000008008afa      0x2b4 Middlewares/ST/STM32_USB_Device_Library/Core/Src/usbd_ctlreq.o
                0x0000000008008afa                USBD_StdEPReq
 *fill*         0x0000000008008dae        0x2 
 .text.USBD_GetDescriptor
                0x0000000008008db0      0x328 Middlewares/ST/STM32_USB_Device_Library/Core/Src/usbd_ctlreq.o
 .text.USBD_SetAddress
                0x00000000080090d8       0x86 Middlewares/ST/STM32_USB_Device_Library/Core/Src/usbd_ctlreq.o
 *fill*         0x000000000800915e        0x2 
 .text.USBD_SetConfig
                0x0000000008009160      0x14c Middlewares/ST/STM32_USB_Device_Library/Core/Src/usbd_ctlreq.o
 .text.USBD_GetConfig
                0x00000000080092ac       0x6a Middlewares/ST/STM32_USB_Device_Library/Core/Src/usbd_ctlreq.o
 .text.USBD_GetStatus
                0x0000000008009316       0x68 Middlewares/ST/STM32_USB_Device_Library/Core/Src/usbd_ctlreq.o
 .text.USBD_SetFeature
                0x000000000800937e       0x28 Middlewares/ST/STM32_USB_Device_Library/Core/Src/usbd_ctlreq.o
 .text.USBD_ClrFeature
                0x00000000080093a6       0x44 Middlewares/ST/STM32_USB_Device_Library/Core/Src/usbd_ctlreq.o
 .text.USBD_ParseSetupRequest
                0x00000000080093ea       0x74 Middlewares/ST/STM32_USB_Device_Library/Core/Src/usbd_ctlreq.o
                0x00000000080093ea                USBD_ParseSetupRequest
 .text.USBD_CtlError
                0x000000000800945e       0x22 Middlewares/ST/STM32_USB_Device_Library/Core/Src/usbd_ctlreq.o
                0x000000000800945e                USBD_CtlError
 .text.USBD_GetString
                0x0000000008009480       0x8c Middlewares/ST/STM32_USB_Device_Library/Core/Src/usbd_ctlreq.o
                0x0000000008009480                USBD_GetString
 .text.USBD_GetLen
                0x000000000800950c       0x34 Middlewares/ST/STM32_USB_Device_Library/Core/Src/usbd_ctlreq.o
 .text.USBD_CtlSendData
                0x0000000008009540       0x36 Middlewares/ST/STM32_USB_Device_Library/Core/Src/usbd_ioreq.o
                0x0000000008009540                USBD_CtlSendData
 .text.USBD_CtlContinueSendData
                0x0000000008009576       0x22 Middlewares/ST/STM32_USB_Device_Library/Core/Src/usbd_ioreq.o
                0x0000000008009576                USBD_CtlContinueSendData
 .text.USBD_CtlPrepareRx
                0x0000000008009598       0x3a Middlewares/ST/STM32_USB_Device_Library/Core/Src/usbd_ioreq.o
                0x0000000008009598                USBD_CtlPrepareRx
 .text.USBD_CtlContinueRx
                0x00000000080095d2       0x22 Middlewares/ST/STM32_USB_Device_Library/Core/Src/usbd_ioreq.o
                0x00000000080095d2                USBD_CtlContinueRx
 .text.USBD_CtlSendStatus
                0x00000000080095f4       0x26 Middlewares/ST/STM32_USB_Device_Library/Core/Src/usbd_ioreq.o
                0x00000000080095f4                USBD_CtlSendStatus
 .text.USBD_CtlReceiveStatus
                0x000000000800961a       0x26 Middlewares/ST/STM32_USB_Device_Library/Core/Src/usbd_ioreq.o
                0x000000000800961a                USBD_CtlReceiveStatus
 .text.MX_USB_Device_Init
                0x0000000008009640       0x60 USB_Device/App/usb_device.o
                0x0000000008009640                MX_USB_Device_Init
 .text.CDC_Init_FS
                0x00000000080096a0       0x28 USB_Device/App/usbd_cdc_if.o
 .text.CDC_DeInit_FS
                0x00000000080096c8       0x10 USB_Device/App/usbd_cdc_if.o
 .text.CDC_Control_FS
                0x00000000080096d8       0xbc USB_Device/App/usbd_cdc_if.o
 .text.CDC_Receive_FS
                0x0000000008009794       0x28 USB_Device/App/usbd_cdc_if.o
 .text.CDC_TransmitCplt_FS
                0x00000000080097bc       0x22 USB_Device/App/usbd_cdc_if.o
 *fill*         0x00000000080097de        0x2 
 .text.USBD_CDC_DeviceDescriptor
                0x00000000080097e0       0x24 USB_Device/App/usbd_desc.o
                0x00000000080097e0                USBD_CDC_DeviceDescriptor
 .text.USBD_CDC_LangIDStrDescriptor
                0x0000000008009804       0x24 USB_Device/App/usbd_desc.o
                0x0000000008009804                USBD_CDC_LangIDStrDescriptor
 .text.USBD_CDC_ProductStrDescriptor
                0x0000000008009828       0x3c USB_Device/App/usbd_desc.o
                0x0000000008009828                USBD_CDC_ProductStrDescriptor
 .text.USBD_CDC_ManufacturerStrDescriptor
                0x0000000008009864       0x28 USB_Device/App/usbd_desc.o
                0x0000000008009864                USBD_CDC_ManufacturerStrDescriptor
 .text.USBD_CDC_SerialStrDescriptor
                0x000000000800988c       0x24 USB_Device/App/usbd_desc.o
                0x000000000800988c                USBD_CDC_SerialStrDescriptor
 .text.USBD_CDC_ConfigStrDescriptor
                0x00000000080098b0       0x3c USB_Device/App/usbd_desc.o
                0x00000000080098b0                USBD_CDC_ConfigStrDescriptor
 .text.USBD_CDC_InterfaceStrDescriptor
                0x00000000080098ec       0x3c USB_Device/App/usbd_desc.o
                0x00000000080098ec                USBD_CDC_InterfaceStrDescriptor
 .text.Get_SerialNum
                0x0000000008009928       0x58 USB_Device/App/usbd_desc.o
 .text.IntToUnicode
                0x0000000008009980       0x7c USB_Device/App/usbd_desc.o
 .text.LL_AHB2_GRP1_EnableClock
                0x00000000080099fc       0x32 USB_Device/Target/usbd_conf.o
 .text.LL_APB1_GRP1_EnableClock
                0x0000000008009a2e       0x32 USB_Device/Target/usbd_conf.o
 .text.HAL_PCD_MspInit
                0x0000000008009a60       0x70 USB_Device/Target/usbd_conf.o
                0x0000000008009a60                HAL_PCD_MspInit
 .text.HAL_PCD_SetupStageCallback
                0x0000000008009ad0       0x24 USB_Device/Target/usbd_conf.o
                0x0000000008009ad0                HAL_PCD_SetupStageCallback
 .text.HAL_PCD_DataOutStageCallback
                0x0000000008009af4       0x30 USB_Device/Target/usbd_conf.o
                0x0000000008009af4                HAL_PCD_DataOutStageCallback
 .text.HAL_PCD_DataInStageCallback
                0x0000000008009b24       0x2e USB_Device/Target/usbd_conf.o
                0x0000000008009b24                HAL_PCD_DataInStageCallback
 .text.HAL_PCD_SOFCallback
                0x0000000008009b52       0x1c USB_Device/Target/usbd_conf.o
                0x0000000008009b52                HAL_PCD_SOFCallback
 .text.HAL_PCD_ResetCallback
                0x0000000008009b6e       0x3c USB_Device/Target/usbd_conf.o
                0x0000000008009b6e                HAL_PCD_ResetCallback
 *fill*         0x0000000008009baa        0x2 
 .text.HAL_PCD_SuspendCallback
                0x0000000008009bac       0x34 USB_Device/Target/usbd_conf.o
                0x0000000008009bac                HAL_PCD_SuspendCallback
 .text.HAL_PCD_ResumeCallback
                0x0000000008009be0       0x38 USB_Device/Target/usbd_conf.o
                0x0000000008009be0                HAL_PCD_ResumeCallback
 .text.USBD_LL_Init
                0x0000000008009c18       0xc4 USB_Device/Target/usbd_conf.o
                0x0000000008009c18                USBD_LL_Init
 .text.USBD_LL_Start
                0x0000000008009cdc       0x36 USB_Device/Target/usbd_conf.o
                0x0000000008009cdc                USBD_LL_Start
 .text.USBD_LL_OpenEP
                0x0000000008009d12       0x4c USB_Device/Target/usbd_conf.o
                0x0000000008009d12                USBD_LL_OpenEP
 .text.USBD_LL_CloseEP
                0x0000000008009d5e       0x3e USB_Device/Target/usbd_conf.o
                0x0000000008009d5e                USBD_LL_CloseEP
 .text.USBD_LL_StallEP
                0x0000000008009d9c       0x3e USB_Device/Target/usbd_conf.o
                0x0000000008009d9c                USBD_LL_StallEP
 .text.USBD_LL_ClearStallEP
                0x0000000008009dda       0x3e USB_Device/Target/usbd_conf.o
                0x0000000008009dda                USBD_LL_ClearStallEP
 .text.USBD_LL_IsStallEP
                0x0000000008009e18       0x4c USB_Device/Target/usbd_conf.o
                0x0000000008009e18                USBD_LL_IsStallEP
 .text.USBD_LL_SetUSBAddress
                0x0000000008009e64       0x3e USB_Device/Target/usbd_conf.o
                0x0000000008009e64                USBD_LL_SetUSBAddress
 .text.USBD_LL_Transmit
                0x0000000008009ea2       0x42 USB_Device/Target/usbd_conf.o
                0x0000000008009ea2                USBD_LL_Transmit
 .text.USBD_LL_PrepareReceive
                0x0000000008009ee4       0x42 USB_Device/Target/usbd_conf.o
                0x0000000008009ee4                USBD_LL_PrepareReceive
 .text.USBD_LL_GetRxDataSize
                0x0000000008009f26       0x26 USB_Device/Target/usbd_conf.o
                0x0000000008009f26                USBD_LL_GetRxDataSize
 .text.HAL_PCDEx_LPM_Callback
                0x0000000008009f4c       0x6c USB_Device/Target/usbd_conf.o
                0x0000000008009f4c                HAL_PCDEx_LPM_Callback
 .text.USBD_static_malloc
                0x0000000008009fb8       0x1c USB_Device/Target/usbd_conf.o
                0x0000000008009fb8                USBD_static_malloc
 .text.USBD_static_free
                0x0000000008009fd4       0x14 USB_Device/Target/usbd_conf.o
                0x0000000008009fd4                USBD_static_free
 .text.SystemClockConfig_Resume
                0x0000000008009fe8        0xe USB_Device/Target/usbd_conf.o
 *fill*         0x0000000008009ff6        0x2 
 .text.USBD_Get_USB_Status
                0x0000000008009ff8       0x58 USB_Device/Target/usbd_conf.o
 .text.__libc_init_array
                0x000000000800a050       0x48 c:/st/stm32cubeide_1.4.0/stm32cubeide/plugins/com.st.stm32cube.ide.mcu.externaltools.gnu-tools-for-stm32.7-2018-q2-update.win32_1.5.0.202011040924/tools/bin/../lib/gcc/arm-none-eabi/7.3.1/../../../../arm-none-eabi/lib/thumb/v7e-m/fpv4-sp/hard\libc_nano.a(lib_a-init.o)
                0x000000000800a050                __libc_init_array
 .text.memset   0x000000000800a098       0x10 c:/st/stm32cubeide_1.4.0/stm32cubeide/plugins/com.st.stm32cube.ide.mcu.externaltools.gnu-tools-for-stm32.7-2018-q2-update.win32_1.5.0.202011040924/tools/bin/../lib/gcc/arm-none-eabi/7.3.1/../../../../arm-none-eabi/lib/thumb/v7e-m/fpv4-sp/hard\libc_nano.a(lib_a-memset.o)
                0x000000000800a098                memset
 *(.glue_7)
 .glue_7        0x000000000800a0a8        0x0 linker stubs
 *(.glue_7t)
 .glue_7t       0x000000000800a0a8        0x0 linker stubs
 *(.eh_frame)
 .eh_frame      0x000000000800a0a8        0x0 c:/st/stm32cubeide_1.4.0/stm32cubeide/plugins/com.st.stm32cube.ide.mcu.externaltools.gnu-tools-for-stm32.7-2018-q2-update.win32_1.5.0.202011040924/tools/bin/../lib/gcc/arm-none-eabi/7.3.1/thumb/v7e-m/fpv4-sp/hard/crtbegin.o
 *(.init)
 .init          0x000000000800a0a8        0x4 c:/st/stm32cubeide_1.4.0/stm32cubeide/plugins/com.st.stm32cube.ide.mcu.externaltools.gnu-tools-for-stm32.7-2018-q2-update.win32_1.5.0.202011040924/tools/bin/../lib/gcc/arm-none-eabi/7.3.1/thumb/v7e-m/fpv4-sp/hard/crti.o
                0x000000000800a0a8                _init
 .init          0x000000000800a0ac        0x8 c:/st/stm32cubeide_1.4.0/stm32cubeide/plugins/com.st.stm32cube.ide.mcu.externaltools.gnu-tools-for-stm32.7-2018-q2-update.win32_1.5.0.202011040924/tools/bin/../lib/gcc/arm-none-eabi/7.3.1/thumb/v7e-m/fpv4-sp/hard/crtn.o
 *(.fini)
 .fini          0x000000000800a0b4        0x4 c:/st/stm32cubeide_1.4.0/stm32cubeide/plugins/com.st.stm32cube.ide.mcu.externaltools.gnu-tools-for-stm32.7-2018-q2-update.win32_1.5.0.202011040924/tools/bin/../lib/gcc/arm-none-eabi/7.3.1/thumb/v7e-m/fpv4-sp/hard/crti.o
                0x000000000800a0b4                _fini
 .fini          0x000000000800a0b8        0x8 c:/st/stm32cubeide_1.4.0/stm32cubeide/plugins/com.st.stm32cube.ide.mcu.externaltools.gnu-tools-for-stm32.7-2018-q2-update.win32_1.5.0.202011040924/tools/bin/../lib/gcc/arm-none-eabi/7.3.1/thumb/v7e-m/fpv4-sp/hard/crtn.o
                0x000000000800a0c0                . = ALIGN (0x4)
                0x000000000800a0c0                _etext = .

.vfp11_veneer   0x000000000800a0c0        0x0
 .vfp11_veneer  0x000000000800a0c0        0x0 linker stubs

.v4_bx          0x000000000800a0c0        0x0
 .v4_bx         0x000000000800a0c0        0x0 linker stubs

.iplt           0x000000000800a0c0        0x0
 .iplt          0x000000000800a0c0        0x0 c:/st/stm32cubeide_1.4.0/stm32cubeide/plugins/com.st.stm32cube.ide.mcu.externaltools.gnu-tools-for-stm32.7-2018-q2-update.win32_1.5.0.202011040924/tools/bin/../lib/gcc/arm-none-eabi/7.3.1/thumb/v7e-m/fpv4-sp/hard/crtbegin.o

.rodata         0x000000000800a0c0       0xdc
                0x000000000800a0c0                . = ALIGN (0x4)
 *(.rodata)
 .rodata        0x000000000800a0c0       0x2c Drivers/STM32WBxx_HAL_Driver/Src/stm32wbxx_hal_rcc.o
 .rodata        0x000000000800a0ec       0x2e USB_Device/App/usbd_desc.o
 *(.rodata*)
 *fill*         0x000000000800a11a        0x2 
 .rodata.AHBPrescTable
                0x000000000800a11c       0x40 Core/Src/system_stm32wbxx.o
                0x000000000800a11c                AHBPrescTable
 .rodata.MSIRangeTable
                0x000000000800a15c       0x40 Core/Src/system_stm32wbxx.o
                0x000000000800a15c                MSIRangeTable
                0x000000000800a19c                . = ALIGN (0x4)

.rel.dyn        0x000000000800a19c        0x0
 .rel.iplt      0x000000000800a19c        0x0 c:/st/stm32cubeide_1.4.0/stm32cubeide/plugins/com.st.stm32cube.ide.mcu.externaltools.gnu-tools-for-stm32.7-2018-q2-update.win32_1.5.0.202011040924/tools/bin/../lib/gcc/arm-none-eabi/7.3.1/thumb/v7e-m/fpv4-sp/hard/crtbegin.o

.ARM.extab
 *(.ARM.extab* .gnu.linkonce.armextab.*)

.ARM            0x000000000800a19c        0x0
                0x000000000800a19c                __exidx_start = .
 *(.ARM.exidx*)
                0x000000000800a19c                __exidx_end = .

.preinit_array  0x000000000800a19c        0x0
                0x000000000800a19c                PROVIDE (__preinit_array_start = .)
 *(.preinit_array*)
                0x000000000800a19c                PROVIDE (__preinit_array_end = .)

.init_array     0x000000000800a19c        0x4
                0x000000000800a19c                PROVIDE (__init_array_start = .)
 *(SORT_BY_NAME(.init_array.*))
 *(.init_array*)
 .init_array    0x000000000800a19c        0x4 c:/st/stm32cubeide_1.4.0/stm32cubeide/plugins/com.st.stm32cube.ide.mcu.externaltools.gnu-tools-for-stm32.7-2018-q2-update.win32_1.5.0.202011040924/tools/bin/../lib/gcc/arm-none-eabi/7.3.1/thumb/v7e-m/fpv4-sp/hard/crtbegin.o
                0x000000000800a1a0                PROVIDE (__init_array_end = .)

.fini_array     0x000000000800a1a0        0x4
                [!provide]                        PROVIDE (__fini_array_start = .)
 *(SORT_BY_NAME(.fini_array.*))
 *(.fini_array*)
 .fini_array    0x000000000800a1a0        0x4 c:/st/stm32cubeide_1.4.0/stm32cubeide/plugins/com.st.stm32cube.ide.mcu.externaltools.gnu-tools-for-stm32.7-2018-q2-update.win32_1.5.0.202011040924/tools/bin/../lib/gcc/arm-none-eabi/7.3.1/thumb/v7e-m/fpv4-sp/hard/crtbegin.o
                [!provide]                        PROVIDE (__fini_array_end = .)
                0x000000000800a1a4                _sidata = LOADADDR (.data)

.data           0x0000000020000004      0x184 load address 0x000000000800a1a4
                0x0000000020000004                . = ALIGN (0x4)
                0x0000000020000004                _sdata = .
 *(.data)
 *(.data*)
 .data.SystemCoreClock
                0x0000000020000004        0x4 Core/Src/system_stm32wbxx.o
                0x0000000020000004                SystemCoreClock
 .data.uwTickPrio
                0x0000000020000008        0x4 Drivers/STM32WBxx_HAL_Driver/Src/stm32wbxx_hal.o
                0x0000000020000008                uwTickPrio
 .data.uwTickFreq
                0x000000002000000c        0x1 Drivers/STM32WBxx_HAL_Driver/Src/stm32wbxx_hal.o
                0x000000002000000c                uwTickFreq
 *fill*         0x000000002000000d        0x3 
 .data.USBD_CDC_DeviceQualifierDesc
                0x0000000020000010        0xa Middlewares/ST/STM32_USB_Device_Library/Class/CDC/Src/usbd_cdc.o
 *fill*         0x000000002000001a        0x2 
 .data.USBD_CDC
                0x000000002000001c       0x38 Middlewares/ST/STM32_USB_Device_Library/Class/CDC/Src/usbd_cdc.o
                0x000000002000001c                USBD_CDC
 .data.USBD_CDC_CfgHSDesc
                0x0000000020000054       0x43 Middlewares/ST/STM32_USB_Device_Library/Class/CDC/Src/usbd_cdc.o
 *fill*         0x0000000020000097        0x1 
 .data.USBD_CDC_CfgFSDesc
                0x0000000020000098       0x43 Middlewares/ST/STM32_USB_Device_Library/Class/CDC/Src/usbd_cdc.o
 *fill*         0x00000000200000db        0x1 
 .data.USBD_CDC_OtherSpeedCfgDesc
                0x00000000200000dc       0x43 Middlewares/ST/STM32_USB_Device_Library/Class/CDC/Src/usbd_cdc.o
 *fill*         0x000000002000011f        0x1 
 .data.USBD_Interface_fops_FS
                0x0000000020000120       0x14 USB_Device/App/usbd_cdc_if.o
                0x0000000020000120                USBD_Interface_fops_FS
 .data.CDC_Desc
                0x0000000020000134       0x20 USB_Device/App/usbd_desc.o
                0x0000000020000134                CDC_Desc
 .data.USBD_CDC_DeviceDesc
                0x0000000020000154       0x12 USB_Device/App/usbd_desc.o
                0x0000000020000154                USBD_CDC_DeviceDesc
 *fill*         0x0000000020000166        0x2 
 .data.USBD_LangIDDesc
                0x0000000020000168        0x4 USB_Device/App/usbd_desc.o
                0x0000000020000168                USBD_LangIDDesc
 .data.USBD_StringSerial
                0x000000002000016c       0x1a USB_Device/App/usbd_desc.o
                0x000000002000016c                USBD_StringSerial
 *(.RamFunc)
 *(.RamFunc*)
                0x0000000020000188                . = ALIGN (0x4)
 *fill*         0x0000000020000186        0x2 
                0x0000000020000188                _edata = .

.igot.plt       0x0000000020000188        0x0 load address 0x000000000800a328
 .igot.plt      0x0000000020000188        0x0 c:/st/stm32cubeide_1.4.0/stm32cubeide/plugins/com.st.stm32cube.ide.mcu.externaltools.gnu-tools-for-stm32.7-2018-q2-update.win32_1.5.0.202011040924/tools/bin/../lib/gcc/arm-none-eabi/7.3.1/thumb/v7e-m/fpv4-sp/hard/crtbegin.o
                0x0000000020000188                . = ALIGN (0x4)

.bss            0x0000000020000188     0x1aec load address 0x000000000800a328
                0x0000000020000188                _sbss = .
                0x0000000020000188                __bss_start__ = _sbss
 *(.bss)
 .bss           0x0000000020000188       0x1c c:/st/stm32cubeide_1.4.0/stm32cubeide/plugins/com.st.stm32cube.ide.mcu.externaltools.gnu-tools-for-stm32.7-2018-q2-update.win32_1.5.0.202011040924/tools/bin/../lib/gcc/arm-none-eabi/7.3.1/thumb/v7e-m/fpv4-sp/hard/crtbegin.o
 *(.bss*)
 .bss.adc_data  0x00000000200001a4        0x8 Core/Src/myMain.o
                0x00000000200001a4                adc_data
 .bss.cfgidx.13866
                0x00000000200001ac        0x1 Middlewares/ST/STM32_USB_Device_Library/Core/Src/usbd_ctlreq.o
 *fill*         0x00000000200001ad        0x3 
 .bss.mem.13944
                0x00000000200001b0      0x220 USB_Device/Target/usbd_conf.o
 *(COMMON)
 COMMON         0x00000000200003d0       0xc4 Core/Src/adc.o
                0x00000000200003d0                hadc1
                0x0000000020000434                hdma_adc1
 COMMON         0x0000000020000494       0x98 Core/Src/tim.o
                0x0000000020000494                htim17
                0x00000000200004e0                htim2
 COMMON         0x000000002000052c        0x4 Drivers/STM32WBxx_HAL_Driver/Src/stm32wbxx_hal.o
                0x000000002000052c                uwTick
 COMMON         0x0000000020000530      0x2d0 USB_Device/App/usb_device.o
                0x0000000020000530                hUsbDeviceFS
 COMMON         0x0000000020000800     0x1000 USB_Device/App/usbd_cdc_if.o
                0x0000000020000800                UserRxBufferFS
                0x0000000020001000                UserTxBufferFS
 COMMON         0x0000000020001800      0x200 USB_Device/App/usbd_desc.o
                0x0000000020001800                USBD_StrDesc
 COMMON         0x0000000020001a00      0x274 USB_Device/Target/usbd_conf.o
                0x0000000020001a00                hpcd_USB_FS
                0x0000000020001c74                . = ALIGN (0x4)
                0x0000000020001c74                _ebss = .
                0x0000000020001c74                __bss_end__ = _ebss

._user_heap_stack
                0x0000000020001c74      0x604 load address 0x000000000800a328
                0x0000000020001c78                . = ALIGN (0x8)
 *fill*         0x0000000020001c74        0x4 
                [!provide]                        PROVIDE (end = .)
                0x0000000020001c78                PROVIDE (_end = .)
                0x0000000020001e78                . = (. + _Min_Heap_Size)
 *fill*         0x0000000020001c78      0x200 
                0x0000000020002278                . = (. + _Min_Stack_Size)
 *fill*         0x0000000020001e78      0x400 
                0x0000000020002278                . = ALIGN (0x8)

/DISCARD/
 libc.a(*)
 libm.a(*)
 libgcc.a(*)

.ARM.attributes
                0x0000000000000000       0x30
 *(.ARM.attributes)
 .ARM.attributes
                0x0000000000000000       0x22 c:/st/stm32cubeide_1.4.0/stm32cubeide/plugins/com.st.stm32cube.ide.mcu.externaltools.gnu-tools-for-stm32.7-2018-q2-update.win32_1.5.0.202011040924/tools/bin/../lib/gcc/arm-none-eabi/7.3.1/thumb/v7e-m/fpv4-sp/hard/crti.o
 .ARM.attributes
                0x0000000000000022       0x34 c:/st/stm32cubeide_1.4.0/stm32cubeide/plugins/com.st.stm32cube.ide.mcu.externaltools.gnu-tools-for-stm32.7-2018-q2-update.win32_1.5.0.202011040924/tools/bin/../lib/gcc/arm-none-eabi/7.3.1/thumb/v7e-m/fpv4-sp/hard/crtbegin.o
 .ARM.attributes
                0x0000000000000056       0x39 Core/Src/Stepper.o
 .ARM.attributes
                0x000000000000008f       0x39 Core/Src/adc.o
 .ARM.attributes
                0x00000000000000c8       0x39 Core/Src/dma.o
 .ARM.attributes
                0x0000000000000101       0x39 Core/Src/gpio.o
 .ARM.attributes
                0x000000000000013a       0x39 Core/Src/main.o
 .ARM.attributes
                0x0000000000000173       0x39 Core/Src/myMain.o
 .ARM.attributes
                0x00000000000001ac       0x39 Core/Src/stm32wbxx_hal_msp.o
 .ARM.attributes
                0x00000000000001e5       0x39 Core/Src/stm32wbxx_it.o
 .ARM.attributes
                0x000000000000021e       0x39 Core/Src/system_stm32wbxx.o
 .ARM.attributes
                0x0000000000000257       0x39 Core/Src/tim.o
 .ARM.attributes
                0x0000000000000290       0x21 Core/Startup/startup_stm32wb55rgvx.o
 .ARM.attributes
                0x00000000000002b1       0x39 Drivers/STM32WBxx_HAL_Driver/Src/stm32wbxx_hal.o
 .ARM.attributes
                0x00000000000002ea       0x39 Drivers/STM32WBxx_HAL_Driver/Src/stm32wbxx_hal_adc.o
 .ARM.attributes
                0x0000000000000323       0x39 Drivers/STM32WBxx_HAL_Driver/Src/stm32wbxx_hal_adc_ex.o
 .ARM.attributes
                0x000000000000035c       0x39 Drivers/STM32WBxx_HAL_Driver/Src/stm32wbxx_hal_cortex.o
 .ARM.attributes
                0x0000000000000395       0x39 Drivers/STM32WBxx_HAL_Driver/Src/stm32wbxx_hal_dma.o
 .ARM.attributes
                0x00000000000003ce       0x39 Drivers/STM32WBxx_HAL_Driver/Src/stm32wbxx_hal_gpio.o
 .ARM.attributes
                0x0000000000000407       0x39 Drivers/STM32WBxx_HAL_Driver/Src/stm32wbxx_hal_pcd.o
 .ARM.attributes
                0x0000000000000440       0x39 Drivers/STM32WBxx_HAL_Driver/Src/stm32wbxx_hal_pcd_ex.o
 .ARM.attributes
                0x0000000000000479       0x39 Drivers/STM32WBxx_HAL_Driver/Src/stm32wbxx_hal_pwr.o
 .ARM.attributes
                0x00000000000004b2       0x39 Drivers/STM32WBxx_HAL_Driver/Src/stm32wbxx_hal_pwr_ex.o
 .ARM.attributes
                0x00000000000004eb       0x39 Drivers/STM32WBxx_HAL_Driver/Src/stm32wbxx_hal_rcc.o
 .ARM.attributes
                0x0000000000000524       0x39 Drivers/STM32WBxx_HAL_Driver/Src/stm32wbxx_hal_rcc_ex.o
 .ARM.attributes
                0x000000000000055d       0x39 Drivers/STM32WBxx_HAL_Driver/Src/stm32wbxx_hal_tim.o
 .ARM.attributes
                0x0000000000000596       0x39 Drivers/STM32WBxx_HAL_Driver/Src/stm32wbxx_hal_tim_ex.o
 .ARM.attributes
                0x00000000000005cf       0x39 Drivers/STM32WBxx_HAL_Driver/Src/stm32wbxx_ll_usb.o
 .ARM.attributes
                0x0000000000000608       0x39 Middlewares/ST/STM32_USB_Device_Library/Class/CDC/Src/usbd_cdc.o
 .ARM.attributes
                0x0000000000000641       0x39 Middlewares/ST/STM32_USB_Device_Library/Core/Src/usbd_core.o
 .ARM.attributes
                0x000000000000067a       0x39 Middlewares/ST/STM32_USB_Device_Library/Core/Src/usbd_ctlreq.o
 .ARM.attributes
                0x00000000000006b3       0x39 Middlewares/ST/STM32_USB_Device_Library/Core/Src/usbd_ioreq.o
 .ARM.attributes
                0x00000000000006ec       0x39 USB_Device/App/usb_device.o
 .ARM.attributes
                0x0000000000000725       0x39 USB_Device/App/usbd_cdc_if.o
 .ARM.attributes
                0x000000000000075e       0x39 USB_Device/App/usbd_desc.o
 .ARM.attributes
                0x0000000000000797       0x39 USB_Device/Target/usbd_conf.o
 .ARM.attributes
                0x00000000000007d0       0x34 c:/st/stm32cubeide_1.4.0/stm32cubeide/plugins/com.st.stm32cube.ide.mcu.externaltools.gnu-tools-for-stm32.7-2018-q2-update.win32_1.5.0.202011040924/tools/bin/../lib/gcc/arm-none-eabi/7.3.1/../../../../arm-none-eabi/lib/thumb/v7e-m/fpv4-sp/hard\libc_nano.a(lib_a-init.o)
 .ARM.attributes
                0x0000000000000804       0x34 c:/st/stm32cubeide_1.4.0/stm32cubeide/plugins/com.st.stm32cube.ide.mcu.externaltools.gnu-tools-for-stm32.7-2018-q2-update.win32_1.5.0.202011040924/tools/bin/../lib/gcc/arm-none-eabi/7.3.1/../../../../arm-none-eabi/lib/thumb/v7e-m/fpv4-sp/hard\libc_nano.a(lib_a-memset.o)
 .ARM.attributes
                0x0000000000000838       0x22 c:/st/stm32cubeide_1.4.0/stm32cubeide/plugins/com.st.stm32cube.ide.mcu.externaltools.gnu-tools-for-stm32.7-2018-q2-update.win32_1.5.0.202011040924/tools/bin/../lib/gcc/arm-none-eabi/7.3.1/thumb/v7e-m/fpv4-sp/hard/crtn.o

MAPPING_TABLE
 *(MAPPING_TABLE)

MB_MEM1
 *(MB_MEM1)

MB_MEM2         0x0000000020030000        0x0
                0x0000000020030000                _sMB_MEM2 = .
 *(MB_MEM2)
                0x0000000020030000                _eMB_MEM2 = .
OUTPUT(Spotlight_v1.1.elf elf32-littlearm)

.debug_info     0x0000000000000000    0x26b98
 .debug_info    0x0000000000000000     0x211f Core/Src/Stepper.o
 .debug_info    0x000000000000211f     0x1087 Core/Src/adc.o
 .debug_info    0x00000000000031a6      0x763 Core/Src/dma.o
 .debug_info    0x0000000000003909      0x6e5 Core/Src/gpio.o
 .debug_info    0x0000000000003fee     0x2313 Core/Src/main.o
 .debug_info    0x0000000000006301     0x11cf Core/Src/myMain.o
 .debug_info    0x00000000000074d0      0x22d Core/Src/stm32wbxx_hal_msp.o
 .debug_info    0x00000000000076fd      0xe6d Core/Src/stm32wbxx_it.o
 .debug_info    0x000000000000856a      0x7e0 Core/Src/system_stm32wbxx.o
 .debug_info    0x0000000000008d4a     0x10cf Core/Src/tim.o
 .debug_info    0x0000000000009e19       0x22 Core/Startup/startup_stm32wb55rgvx.o
 .debug_info    0x0000000000009e3b     0x1353 Drivers/STM32WBxx_HAL_Driver/Src/stm32wbxx_hal.o
 .debug_info    0x000000000000b18e     0x1e7a Drivers/STM32WBxx_HAL_Driver/Src/stm32wbxx_hal_adc.o
 .debug_info    0x000000000000d008     0x19bc Drivers/STM32WBxx_HAL_Driver/Src/stm32wbxx_hal_adc_ex.o
 .debug_info    0x000000000000e9c4      0xe14 Drivers/STM32WBxx_HAL_Driver/Src/stm32wbxx_hal_cortex.o
 .debug_info    0x000000000000f7d8      0x9a9 Drivers/STM32WBxx_HAL_Driver/Src/stm32wbxx_hal_dma.o
 .debug_info    0x0000000000010181      0x815 Drivers/STM32WBxx_HAL_Driver/Src/stm32wbxx_hal_gpio.o
 .debug_info    0x0000000000010996      0xf2f Drivers/STM32WBxx_HAL_Driver/Src/stm32wbxx_hal_pcd.o
 .debug_info    0x00000000000118c5      0x940 Drivers/STM32WBxx_HAL_Driver/Src/stm32wbxx_hal_pcd_ex.o
 .debug_info    0x0000000000012205      0xa0c Drivers/STM32WBxx_HAL_Driver/Src/stm32wbxx_hal_pwr.o
 .debug_info    0x0000000000012c11     0x115e Drivers/STM32WBxx_HAL_Driver/Src/stm32wbxx_hal_pwr_ex.o
 .debug_info    0x0000000000013d6f     0x157a Drivers/STM32WBxx_HAL_Driver/Src/stm32wbxx_hal_rcc.o
 .debug_info    0x00000000000152e9     0x1c9f Drivers/STM32WBxx_HAL_Driver/Src/stm32wbxx_hal_rcc_ex.o
 .debug_info    0x0000000000016f88     0x2ac1 Drivers/STM32WBxx_HAL_Driver/Src/stm32wbxx_hal_tim.o
 .debug_info    0x0000000000019a49     0x17a8 Drivers/STM32WBxx_HAL_Driver/Src/stm32wbxx_hal_tim_ex.o
 .debug_info    0x000000000001b1f1     0x164e Drivers/STM32WBxx_HAL_Driver/Src/stm32wbxx_ll_usb.o
 .debug_info    0x000000000001c83f     0x190c Middlewares/ST/STM32_USB_Device_Library/Class/CDC/Src/usbd_cdc.o
 .debug_info    0x000000000001e14b     0x134f Middlewares/ST/STM32_USB_Device_Library/Core/Src/usbd_core.o
 .debug_info    0x000000000001f49a     0x1319 Middlewares/ST/STM32_USB_Device_Library/Core/Src/usbd_ctlreq.o
 .debug_info    0x00000000000207b3     0x1064 Middlewares/ST/STM32_USB_Device_Library/Core/Src/usbd_ioreq.o
 .debug_info    0x0000000000021817      0xfd7 USB_Device/App/usb_device.o
 .debug_info    0x00000000000227ee     0x11e9 USB_Device/App/usbd_cdc_if.o
 .debug_info    0x00000000000239d7      0xdee USB_Device/App/usbd_desc.o
 .debug_info    0x00000000000247c5     0x23d3 USB_Device/Target/usbd_conf.o

.debug_abbrev   0x0000000000000000     0x4a57
 .debug_abbrev  0x0000000000000000      0x3dd Core/Src/Stepper.o
 .debug_abbrev  0x00000000000003dd      0x1ef Core/Src/adc.o
 .debug_abbrev  0x00000000000005cc      0x14e Core/Src/dma.o
 .debug_abbrev  0x000000000000071a      0x172 Core/Src/gpio.o
 .debug_abbrev  0x000000000000088c      0x304 Core/Src/main.o
 .debug_abbrev  0x0000000000000b90      0x1e4 Core/Src/myMain.o
 .debug_abbrev  0x0000000000000d74       0xca Core/Src/stm32wbxx_hal_msp.o
 .debug_abbrev  0x0000000000000e3e      0x174 Core/Src/stm32wbxx_it.o
 .debug_abbrev  0x0000000000000fb2      0x163 Core/Src/system_stm32wbxx.o
 .debug_abbrev  0x0000000000001115      0x1e6 Core/Src/tim.o
 .debug_abbrev  0x00000000000012fb       0x12 Core/Startup/startup_stm32wb55rgvx.o
 .debug_abbrev  0x000000000000130d      0x2df Drivers/STM32WBxx_HAL_Driver/Src/stm32wbxx_hal.o
 .debug_abbrev  0x00000000000015ec      0x25d Drivers/STM32WBxx_HAL_Driver/Src/stm32wbxx_hal_adc.o
 .debug_abbrev  0x0000000000001849      0x27d Drivers/STM32WBxx_HAL_Driver/Src/stm32wbxx_hal_adc_ex.o
 .debug_abbrev  0x0000000000001ac6      0x2f1 Drivers/STM32WBxx_HAL_Driver/Src/stm32wbxx_hal_cortex.o
 .debug_abbrev  0x0000000000001db7      0x1d9 Drivers/STM32WBxx_HAL_Driver/Src/stm32wbxx_hal_dma.o
 .debug_abbrev  0x0000000000001f90      0x1d3 Drivers/STM32WBxx_HAL_Driver/Src/stm32wbxx_hal_gpio.o
 .debug_abbrev  0x0000000000002163      0x27d Drivers/STM32WBxx_HAL_Driver/Src/stm32wbxx_hal_pcd.o
 .debug_abbrev  0x00000000000023e0      0x1eb Drivers/STM32WBxx_HAL_Driver/Src/stm32wbxx_hal_pcd_ex.o
 .debug_abbrev  0x00000000000025cb      0x1b9 Drivers/STM32WBxx_HAL_Driver/Src/stm32wbxx_hal_pwr.o
 .debug_abbrev  0x0000000000002784      0x2d6 Drivers/STM32WBxx_HAL_Driver/Src/stm32wbxx_hal_pwr_ex.o
 .debug_abbrev  0x0000000000002a5a      0x24a Drivers/STM32WBxx_HAL_Driver/Src/stm32wbxx_hal_rcc.o
 .debug_abbrev  0x0000000000002ca4      0x2d9 Drivers/STM32WBxx_HAL_Driver/Src/stm32wbxx_hal_rcc_ex.o
 .debug_abbrev  0x0000000000002f7d      0x230 Drivers/STM32WBxx_HAL_Driver/Src/stm32wbxx_hal_tim.o
 .debug_abbrev  0x00000000000031ad      0x236 Drivers/STM32WBxx_HAL_Driver/Src/stm32wbxx_hal_tim_ex.o
 .debug_abbrev  0x00000000000033e3      0x239 Drivers/STM32WBxx_HAL_Driver/Src/stm32wbxx_ll_usb.o
 .debug_abbrev  0x000000000000361c      0x2ad Middlewares/ST/STM32_USB_Device_Library/Class/CDC/Src/usbd_cdc.o
 .debug_abbrev  0x00000000000038c9      0x27d Middlewares/ST/STM32_USB_Device_Library/Core/Src/usbd_core.o
 .debug_abbrev  0x0000000000003b46      0x2ba Middlewares/ST/STM32_USB_Device_Library/Core/Src/usbd_ctlreq.o
 .debug_abbrev  0x0000000000003e00      0x1fc Middlewares/ST/STM32_USB_Device_Library/Core/Src/usbd_ioreq.o
 .debug_abbrev  0x0000000000003ffc      0x1da USB_Device/App/usb_device.o
 .debug_abbrev  0x00000000000041d6      0x2ca USB_Device/App/usbd_cdc_if.o
 .debug_abbrev  0x00000000000044a0      0x29d USB_Device/App/usbd_desc.o
 .debug_abbrev  0x000000000000473d      0x31a USB_Device/Target/usbd_conf.o

.debug_aranges  0x0000000000000000     0x2028
 .debug_aranges
                0x0000000000000000       0x68 Core/Src/Stepper.o
 .debug_aranges
                0x0000000000000068       0x40 Core/Src/adc.o
 .debug_aranges
                0x00000000000000a8       0x28 Core/Src/dma.o
 .debug_aranges
                0x00000000000000d0       0x28 Core/Src/gpio.o
 .debug_aranges
                0x00000000000000f8       0x30 Core/Src/main.o
 .debug_aranges
                0x0000000000000128       0x20 Core/Src/myMain.o
 .debug_aranges
                0x0000000000000148       0x20 Core/Src/stm32wbxx_hal_msp.o
 .debug_aranges
                0x0000000000000168       0x78 Core/Src/stm32wbxx_it.o
 .debug_aranges
                0x00000000000001e0       0x28 Core/Src/system_stm32wbxx.o
 .debug_aranges
                0x0000000000000208       0x68 Core/Src/tim.o
 .debug_aranges
                0x0000000000000270       0x30 Core/Startup/startup_stm32wb55rgvx.o
 .debug_aranges
                0x00000000000002a0      0x280 Drivers/STM32WBxx_HAL_Driver/Src/stm32wbxx_hal.o
 .debug_aranges
                0x0000000000000520      0x218 Drivers/STM32WBxx_HAL_Driver/Src/stm32wbxx_hal_adc.o
 .debug_aranges
                0x0000000000000738      0x170 Drivers/STM32WBxx_HAL_Driver/Src/stm32wbxx_hal_adc_ex.o
 .debug_aranges
                0x00000000000008a8      0x108 Drivers/STM32WBxx_HAL_Driver/Src/stm32wbxx_hal_cortex.o
 .debug_aranges
                0x00000000000009b0       0x90 Drivers/STM32WBxx_HAL_Driver/Src/stm32wbxx_hal_dma.o
 .debug_aranges
                0x0000000000000a40       0x58 Drivers/STM32WBxx_HAL_Driver/Src/stm32wbxx_hal_gpio.o
 .debug_aranges
                0x0000000000000a98      0x120 Drivers/STM32WBxx_HAL_Driver/Src/stm32wbxx_hal_pcd.o
 .debug_aranges
                0x0000000000000bb8       0x58 Drivers/STM32WBxx_HAL_Driver/Src/stm32wbxx_hal_pcd_ex.o
 .debug_aranges
                0x0000000000000c10       0xd0 Drivers/STM32WBxx_HAL_Driver/Src/stm32wbxx_hal_pwr.o
 .debug_aranges
                0x0000000000000ce0      0x288 Drivers/STM32WBxx_HAL_Driver/Src/stm32wbxx_hal_pwr_ex.o
 .debug_aranges
                0x0000000000000f68      0x290 Drivers/STM32WBxx_HAL_Driver/Src/stm32wbxx_hal_rcc.o
 .debug_aranges
                0x00000000000011f8      0x390 Drivers/STM32WBxx_HAL_Driver/Src/stm32wbxx_hal_rcc_ex.o
 .debug_aranges
                0x0000000000001588      0x3e0 Drivers/STM32WBxx_HAL_Driver/Src/stm32wbxx_hal_tim.o
 .debug_aranges
                0x0000000000001968      0x190 Drivers/STM32WBxx_HAL_Driver/Src/stm32wbxx_hal_tim_ex.o
 .debug_aranges
                0x0000000000001af8      0x108 Drivers/STM32WBxx_HAL_Driver/Src/stm32wbxx_ll_usb.o
 .debug_aranges
                0x0000000000001c00       0x90 Middlewares/ST/STM32_USB_Device_Library/Class/CDC/Src/usbd_cdc.o
 .debug_aranges
                0x0000000000001c90       0xb8 Middlewares/ST/STM32_USB_Device_Library/Core/Src/usbd_core.o
 .debug_aranges
                0x0000000000001d48       0x90 Middlewares/ST/STM32_USB_Device_Library/Core/Src/usbd_ctlreq.o
 .debug_aranges
                0x0000000000001dd8       0x50 Middlewares/ST/STM32_USB_Device_Library/Core/Src/usbd_ioreq.o
 .debug_aranges
                0x0000000000001e28       0x20 USB_Device/App/usb_device.o
 .debug_aranges
                0x0000000000001e48       0x48 USB_Device/App/usbd_cdc_if.o
 .debug_aranges
                0x0000000000001e90       0x60 USB_Device/App/usbd_desc.o
 .debug_aranges
                0x0000000000001ef0      0x138 USB_Device/Target/usbd_conf.o

.debug_ranges   0x0000000000000000     0x1e10
 .debug_ranges  0x0000000000000000       0x58 Core/Src/Stepper.o
 .debug_ranges  0x0000000000000058       0x30 Core/Src/adc.o
 .debug_ranges  0x0000000000000088       0x18 Core/Src/dma.o
 .debug_ranges  0x00000000000000a0       0x18 Core/Src/gpio.o
 .debug_ranges  0x00000000000000b8       0x20 Core/Src/main.o
 .debug_ranges  0x00000000000000d8       0x10 Core/Src/myMain.o
 .debug_ranges  0x00000000000000e8       0x10 Core/Src/stm32wbxx_hal_msp.o
 .debug_ranges  0x00000000000000f8       0x68 Core/Src/stm32wbxx_it.o
 .debug_ranges  0x0000000000000160       0x18 Core/Src/system_stm32wbxx.o
 .debug_ranges  0x0000000000000178       0x58 Core/Src/tim.o
 .debug_ranges  0x00000000000001d0       0x28 Core/Startup/startup_stm32wb55rgvx.o
 .debug_ranges  0x00000000000001f8      0x270 Drivers/STM32WBxx_HAL_Driver/Src/stm32wbxx_hal.o
 .debug_ranges  0x0000000000000468      0x208 Drivers/STM32WBxx_HAL_Driver/Src/stm32wbxx_hal_adc.o
 .debug_ranges  0x0000000000000670      0x160 Drivers/STM32WBxx_HAL_Driver/Src/stm32wbxx_hal_adc_ex.o
 .debug_ranges  0x00000000000007d0       0xf8 Drivers/STM32WBxx_HAL_Driver/Src/stm32wbxx_hal_cortex.o
 .debug_ranges  0x00000000000008c8       0x80 Drivers/STM32WBxx_HAL_Driver/Src/stm32wbxx_hal_dma.o
 .debug_ranges  0x0000000000000948       0x48 Drivers/STM32WBxx_HAL_Driver/Src/stm32wbxx_hal_gpio.o
 .debug_ranges  0x0000000000000990      0x110 Drivers/STM32WBxx_HAL_Driver/Src/stm32wbxx_hal_pcd.o
 .debug_ranges  0x0000000000000aa0       0x48 Drivers/STM32WBxx_HAL_Driver/Src/stm32wbxx_hal_pcd_ex.o
 .debug_ranges  0x0000000000000ae8       0xc0 Drivers/STM32WBxx_HAL_Driver/Src/stm32wbxx_hal_pwr.o
 .debug_ranges  0x0000000000000ba8      0x278 Drivers/STM32WBxx_HAL_Driver/Src/stm32wbxx_hal_pwr_ex.o
 .debug_ranges  0x0000000000000e20      0x280 Drivers/STM32WBxx_HAL_Driver/Src/stm32wbxx_hal_rcc.o
 .debug_ranges  0x00000000000010a0      0x380 Drivers/STM32WBxx_HAL_Driver/Src/stm32wbxx_hal_rcc_ex.o
 .debug_ranges  0x0000000000001420      0x3d0 Drivers/STM32WBxx_HAL_Driver/Src/stm32wbxx_hal_tim.o
 .debug_ranges  0x00000000000017f0      0x180 Drivers/STM32WBxx_HAL_Driver/Src/stm32wbxx_hal_tim_ex.o
 .debug_ranges  0x0000000000001970       0xf8 Drivers/STM32WBxx_HAL_Driver/Src/stm32wbxx_ll_usb.o
 .debug_ranges  0x0000000000001a68       0x80 Middlewares/ST/STM32_USB_Device_Library/Class/CDC/Src/usbd_cdc.o
 .debug_ranges  0x0000000000001ae8       0xa8 Middlewares/ST/STM32_USB_Device_Library/Core/Src/usbd_core.o
 .debug_ranges  0x0000000000001b90       0x80 Middlewares/ST/STM32_USB_Device_Library/Core/Src/usbd_ctlreq.o
 .debug_ranges  0x0000000000001c10       0x40 Middlewares/ST/STM32_USB_Device_Library/Core/Src/usbd_ioreq.o
 .debug_ranges  0x0000000000001c50       0x10 USB_Device/App/usb_device.o
 .debug_ranges  0x0000000000001c60       0x38 USB_Device/App/usbd_cdc_if.o
 .debug_ranges  0x0000000000001c98       0x50 USB_Device/App/usbd_desc.o
 .debug_ranges  0x0000000000001ce8      0x128 USB_Device/Target/usbd_conf.o

.debug_macro    0x0000000000000000    0x2a8d0
 .debug_macro   0x0000000000000000      0x41c Core/Src/Stepper.o
 .debug_macro   0x000000000000041c      0xb32 Core/Src/Stepper.o