stm32wbxx_ll_exti.h:451:22:void LL_EXTI_DisableIT_0_31(uint32_t)	16	static
stm32wbxx_ll_exti.h:520:22:void LL_EXTI_DisableIT_32_63(uint32_t)	16	static
stm32wbxx_ll_rcc.h:1345:22:void LL_RCC_HSE_SetCapacitorTuning(uint32_t)	16	static
stm32wbxx_ll_rcc.h:1665:22:void LL_RCC_LSE_SetDriveCapability(uint32_t)	16	static
stm32wbxx_ll_rcc.h:2893:22:void LL_RCC_ForceBackupDomainReset()	4	static
stm32wbxx_ll_rcc.h:2903:22:void LL_RCC_ReleaseBackupDomainReset()	4	static
stm32wbxx_ll_rcc.h:4049:26:uint32_t LL_RCC_IsActiveFlag_PINRST()	4	static
stm32wbxx_ll_rcc.h:4059:26:uint32_t LL_RCC_IsActiveFlag_SFTRST()	4	static
stm32wbxx_ll_bus.h:745:22:void LL_AHB3_GRP1_EnableClock(uint32_t)	24	static
stm32wbxx_ll_ipcc.h:313:22:void LL_C1_IPCC_DisableTransmitChannel(IPCC_TypeDef*, uint32_t)	16	static
stm32wbxx_ll_ipcc.h:382:22:void LL_C1_IPCC_DisableReceiveChannel(IPCC_TypeDef*, uint32_t)	16	static
stm32wbxx_ll_ipcc.h:451:22:void LL_C2_IPCC_DisableTransmitChannel(IPCC_TypeDef*, uint32_t)	16	static
stm32wbxx_ll_ipcc.h:520:22:void LL_C2_IPCC_DisableReceiveChannel(IPCC_TypeDef*, uint32_t)	16	static
stm32wbxx_ll_ipcc.h:575:22:void LL_C1_IPCC_ClearFlag_CHx(IPCC_TypeDef*, uint32_t)	16	static
stm32wbxx_ll_ipcc.h:646:22:void LL_C2_IPCC_ClearFlag_CHx(IPCC_TypeDef*, uint32_t)	16	static
main.cpp:83:5:int main()	8	static
main.cpp:147:6:void SystemClock_Config()	192	static
main.cpp:223:13:void Reset_BackupDomain()	8	static
main.cpp:242:13:void Reset_Device()	8	static
main.cpp:253:13:void Reset_IPCC()	8	static
main.cpp:290:13:void Init_Exti()	8	static
main.cpp:300:13:void Config_HSE()	16	static
main.cpp:325:6:void HAL_TIM_PeriodElapsedCallback(TIM_HandleTypeDef*)	16	static
main.cpp:342:6:void Error_Handler()	4	static,ignoring_inline_asm
