stm32wbxx_it.c:74:6:NMI_Handler	4	static
stm32wbxx_it.c:89:6:HardFault_Handler	4	static
stm32wbxx_it.c:104:6:MemManage_Handler	4	static
stm32wbxx_it.c:119:6:BusFault_Handler	4	static
stm32wbxx_it.c:134:6:UsageFault_Handler	4	static
stm32wbxx_it.c:149:6:DebugMon_Handler	4	static
stm32wbxx_it.c:169:6:DMA1_Channel1_IRQHandler	8	static
stm32wbxx_it.c:183:6:ADC1_IRQHandler	8	static
stm32wbxx_it.c:197:6:USB_LP_IRQHandler	8	static
stm32wbxx_it.c:211:6:TIM1_UP_TIM16_IRQHandler	8	static
stm32wbxx_it.c:225:6:HSEM_IRQHandler	8	static
stm32wbxx_it.c:237:6:RTC_WKUP_IRQHandler	8	static
stm32wbxx_it.c:241:6:IPCC_C1_TX_IRQHandler	8	static
stm32wbxx_it.c:246:6:IPCC_C1_RX_IRQHandler	8	static
